Component: ARM Compiler 5.06 update 7 (build 960) Tool: armlink [4d3601]

==============================================================================

Section Cross References

    startup_stm32f10x_md.o(STACK) refers (Special) to heapauxi.o(.text) for __use_two_region_memory
    startup_stm32f10x_md.o(HEAP) refers (Special) to heapauxi.o(.text) for __use_two_region_memory
    startup_stm32f10x_md.o(RESET) refers (Special) to heapauxi.o(.text) for __use_two_region_memory
    startup_stm32f10x_md.o(RESET) refers to startup_stm32f10x_md.o(STACK) for __initial_sp
    startup_stm32f10x_md.o(RESET) refers to startup_stm32f10x_md.o(.text) for Reset_Handler
    startup_stm32f10x_md.o(RESET) refers to stm32f10x_it.o(i.NMI_Handler) for NMI_Handler
    startup_stm32f10x_md.o(RESET) refers to stm32f10x_it.o(i.HardFault_Handler) for HardFault_Handler
    startup_stm32f10x_md.o(RESET) refers to stm32f10x_it.o(i.MemManage_Handler) for MemManage_Handler
    startup_stm32f10x_md.o(RESET) refers to stm32f10x_it.o(i.BusFault_Handler) for BusFault_Handler
    startup_stm32f10x_md.o(RESET) refers to stm32f10x_it.o(i.UsageFault_Handler) for UsageFault_Handler
    startup_stm32f10x_md.o(RESET) refers to stm32f10x_it.o(i.SVC_Handler) for SVC_Handler
    startup_stm32f10x_md.o(RESET) refers to stm32f10x_it.o(i.DebugMon_Handler) for DebugMon_Handler
    startup_stm32f10x_md.o(RESET) refers to stm32f10x_it.o(i.PendSV_Handler) for PendSV_Handler
    startup_stm32f10x_md.o(RESET) refers to stm32f10x_it.o(i.SysTick_Handler) for SysTick_Handler
    startup_stm32f10x_md.o(RESET) refers to main.o(i.TIM4_IRQHandler) for TIM4_IRQHandler
    startup_stm32f10x_md.o(RESET) refers to open_mv.o(i.USART1_IRQHandler) for USART1_IRQHandler
    startup_stm32f10x_md.o(RESET) refers to jy61p.o(i.USART2_IRQHandler) for USART2_IRQHandler
    startup_stm32f10x_md.o(RESET) refers to open_mv.o(i.USART3_IRQHandler) for USART3_IRQHandler
    startup_stm32f10x_md.o(.text) refers (Special) to heapauxi.o(.text) for __use_two_region_memory
    startup_stm32f10x_md.o(.text) refers to system_stm32f10x.o(i.SystemInit) for SystemInit
    startup_stm32f10x_md.o(.text) refers to __main.o(!!!main) for __main
    startup_stm32f10x_md.o(.text) refers to startup_stm32f10x_md.o(HEAP) for Heap_Mem
    startup_stm32f10x_md.o(.text) refers to startup_stm32f10x_md.o(STACK) for Stack_Mem
    system_stm32f10x.o(i.SetSysClock) refers to system_stm32f10x.o(i.SetSysClockTo72) for SetSysClockTo72
    system_stm32f10x.o(i.SystemCoreClockUpdate) refers to system_stm32f10x.o(.data) for SystemCoreClock
    system_stm32f10x.o(i.SystemInit) refers to system_stm32f10x.o(i.SetSysClock) for SetSysClock
    stm32f10x_adc.o(i.ADC_DeInit) refers to stm32f10x_rcc.o(i.RCC_APB2PeriphResetCmd) for RCC_APB2PeriphResetCmd
    stm32f10x_bkp.o(i.BKP_DeInit) refers to stm32f10x_rcc.o(i.RCC_BackupResetCmd) for RCC_BackupResetCmd
    stm32f10x_can.o(i.CAN_DeInit) refers to stm32f10x_rcc.o(i.RCC_APB1PeriphResetCmd) for RCC_APB1PeriphResetCmd
    stm32f10x_can.o(i.CAN_GetITStatus) refers to stm32f10x_can.o(i.CheckITStatus) for CheckITStatus
    stm32f10x_cec.o(i.CEC_DeInit) refers to stm32f10x_rcc.o(i.RCC_APB1PeriphResetCmd) for RCC_APB1PeriphResetCmd
    stm32f10x_dac.o(i.DAC_DeInit) refers to stm32f10x_rcc.o(i.RCC_APB1PeriphResetCmd) for RCC_APB1PeriphResetCmd
    stm32f10x_flash.o(i.FLASH_EnableWriteProtection) refers to stm32f10x_flash.o(i.FLASH_WaitForLastOperation) for FLASH_WaitForLastOperation
    stm32f10x_flash.o(i.FLASH_EraseAllBank1Pages) refers to stm32f10x_flash.o(i.FLASH_WaitForLastBank1Operation) for FLASH_WaitForLastBank1Operation
    stm32f10x_flash.o(i.FLASH_EraseAllPages) refers to stm32f10x_flash.o(i.FLASH_WaitForLastOperation) for FLASH_WaitForLastOperation
    stm32f10x_flash.o(i.FLASH_EraseOptionBytes) refers to stm32f10x_flash.o(i.FLASH_GetReadOutProtectionStatus) for FLASH_GetReadOutProtectionStatus
    stm32f10x_flash.o(i.FLASH_EraseOptionBytes) refers to stm32f10x_flash.o(i.FLASH_WaitForLastOperation) for FLASH_WaitForLastOperation
    stm32f10x_flash.o(i.FLASH_ErasePage) refers to stm32f10x_flash.o(i.FLASH_WaitForLastOperation) for FLASH_WaitForLastOperation
    stm32f10x_flash.o(i.FLASH_ProgramHalfWord) refers to stm32f10x_flash.o(i.FLASH_WaitForLastOperation) for FLASH_WaitForLastOperation
    stm32f10x_flash.o(i.FLASH_ProgramOptionByteData) refers to stm32f10x_flash.o(i.FLASH_WaitForLastOperation) for FLASH_WaitForLastOperation
    stm32f10x_flash.o(i.FLASH_ProgramWord) refers to stm32f10x_flash.o(i.FLASH_WaitForLastOperation) for FLASH_WaitForLastOperation
    stm32f10x_flash.o(i.FLASH_ReadOutProtection) refers to stm32f10x_flash.o(i.FLASH_WaitForLastOperation) for FLASH_WaitForLastOperation
    stm32f10x_flash.o(i.FLASH_UserOptionByteConfig) refers to stm32f10x_flash.o(i.FLASH_WaitForLastOperation) for FLASH_WaitForLastOperation
    stm32f10x_flash.o(i.FLASH_WaitForLastBank1Operation) refers to stm32f10x_flash.o(i.FLASH_GetBank1Status) for FLASH_GetBank1Status
[...]
    ../clib/printf.c                         0x00000000   Number         0  _printf_hex_int.o ABSOLUTE
    ../clib/printf.c                         0x00000000   Number         0  _printf_hex_int_ll.o ABSOLUTE
    ../clib/printf.c                         0x00000000   Number         0  _printf_hex_ptr.o ABSOLUTE
    ../clib/printf.c                         0x00000000   Number         0  _printf_hex_int_ptr.o ABSOLUTE
    ../clib/printf.c                         0x00000000   Number         0  __2printf.o ABSOLUTE
    ../clib/printf.c                         0x00000000   Number         0  _printf_hex_ll_ptr.o ABSOLUTE
    ../clib/printf.c                         0x00000000   Number         0  _printf_hex_int_ll_ptr.o ABSOLUTE
    ../clib/printf.c                         0x00000000   Number         0  __printf_flags_ss_wp.o ABSOLUTE
    ../clib/printf.c                         0x00000000   Number         0  __printf_ss_wp.o ABSOLUTE
    ../clib/printf.c                         0x00000000   Number         0  __printf_flags_wp.o ABSOLUTE
    ../clib/printf.c                         0x00000000   Number         0  __printf_flags_ss.o ABSOLUTE
    ../clib/printf.c                         0x00000000   Number         0  __printf_ss.o ABSOLUTE
    ../clib/printf.c                         0x00000000   Number         0  __printf_flags.o ABSOLUTE
    ../clib/printf.c                         0x00000000   Number         0  _printf_dec.o ABSOLUTE
    ../clib/printf.c                         0x00000000   Number         0  __printf.o ABSOLUTE
    ../clib/printf_percent.s                 0x00000000   Number         0  _printf_percent.o ABSOLUTE
    ../clib/printf_percent.s                 0x00000000   Number         0  _printf_o.o ABSOLUTE
    ../clib/printf_percent.s                 0x00000000   Number         0  _printf_c.o ABSOLUTE
    ../clib/printf_percent.s                 0x00000000   Number         0  _printf_ll.o ABSOLUTE
    ../clib/printf_percent.s                 0x00000000   Number         0  _printf_ls.o ABSOLUTE
    ../clib/printf_percent.s                 0x00000000   Number         0  _printf_llo.o ABSOLUTE
    ../clib/printf_percent.s                 0x00000000   Number         0  _printf_llu.o ABSOLUTE
    ../clib/printf_percent.s                 0x00000000   Number         0  _printf_llx.o ABSOLUTE
    ../clib/printf_percent.s                 0x00000000   Number         0  _printf_l.o ABSOLUTE
    ../clib/printf_percent.s                 0x00000000   Number         0  _printf_percent_end.o ABSOLUTE
    ../clib/printf_percent.s                 0x00000000   Number         0  _printf_lc.o ABSOLUTE
    ../clib/printf_percent.s                 0x00000000   Number         0  _printf_i.o ABSOLUTE
    ../clib/printf_percent.s                 0x00000000   Number         0  _printf_lli.o ABSOLUTE
    ../clib/printf_percent.s                 0x00000000   Number         0  _printf_n.o ABSOLUTE
    ../clib/printf_percent.s                 0x00000000   Number         0  _printf_u.o ABSOLUTE
    ../clib/printf_percent.s                 0x00000000   Number         0  _printf_d.o ABSOLUTE
    ../clib/printf_percent.s                 0x00000000   Number         0  _printf_p.o ABSOLUTE
    ../clib/printf_percent.s                 0x00000000   Number         0  _printf_lld.o ABSOLUTE
    ../clib/printf_percent.s                 0x00000000   Number         0  _printf_f.o ABSOLUTE
    ../clib/printf_percent.s                 0x00000000   Number         0  _printf_s.o ABSOLUTE
    ../clib/printf_percent.s                 0x00000000   Number         0  _printf_e.o ABSOLUTE
    ../clib/printf_percent.s                 0x00000000   Number         0  _printf_g.o ABSOLUTE
    ../clib/printf_percent.s                 0x00000000   Number         0  _printf_a.o ABSOLUTE
    ../clib/printf_percent.s                 0x00000000   Number         0  _printf_x.o ABSOLUTE
    ../clib/signal.c                         0x00000000   Number         0  defsig_rtmem_formal.o ABSOLUTE
    ../clib/signal.c                         0x00000000   Number         0  defsig_exit.o ABSOLUTE
    ../clib/signal.c                         0x00000000   Number         0  defsig_rtred_inner.o ABSOLUTE
    ../clib/signal.c                         0x00000000   Number         0  __raise.o ABSOLUTE
    ../clib/signal.c                         0x00000000   Number         0  defsig_general.o ABSOLUTE
    ../clib/signal.c                         0x00000000   Number         0  defsig_rtred_outer.o ABSOLUTE
    ../clib/signal.c                         0x00000000   Number         0  defsig_rtmem_inner.o ABSOLUTE
    ../clib/signal.c                         0x00000000   Number         0  defsig_abrt_inner.o ABSOLUTE
    ../clib/signal.c                         0x00000000   Number         0  defsig_fpe_inner.o ABSOLUTE
    ../clib/signal.c                         0x00000000   Number         0  defsig_stak_inner.o ABSOLUTE
    ../clib/signal.c                         0x00000000   Number         0  defsig_pvfn_inner.o ABSOLUTE
    ../clib/signal.c                         0x00000000   Number         0  defsig_cppl_inner.o ABSOLUTE
    ../clib/signal.c                         0x00000000   Number         0  defsig_segv_inner.o ABSOLUTE
    ../clib/signal.c                         0x00000000   Number         0  defsig_other.o ABSOLUTE
    ../clib/signal.c                         0x00000000   Number         0  defsig_rtred_formal.o ABSOLUTE
    ../clib/signal.c                         0x00000000   Number         0  defsig_rtmem_outer.o ABSOLUTE
    ../clib/signal.s                         0x00000000   Number         0  defsig.o ABSOLUTE
    ../clib/stdio.c                          0x00000000   Number         0  fopen.o ABSOLUTE
    ../clib/stdio.c                          0x00000000   Number         0  streamlock.o ABSOLUTE
    ../clib/stdio.c                          0x00000000   Number         0  setvbuf.o ABSOLUTE
    ../clib/stdio.c                          0x00000000   Number         0  flsbuf.o ABSOLUTE
    ../clib/stdio.c                          0x00000000   Number         0  initio_locked.o ABSOLUTE
    ../clib/stdio.c                          0x00000000   Number         0  ferror_locked.o ABSOLUTE
    ../clib/stdio.c                          0x00000000   Number         0  fputc_locked.o ABSOLUTE
    ../clib/stdio.c                          0x00000000   Number         0  initio.o ABSOLUTE
    ../clib/stdio.c                          0x00000000   Number         0  fputc.o ABSOLUTE
    ../clib/stdio.c                          0x00000000   Number         0  ferror.o ABSOLUTE
    ../clib/stdio.c                          0x00000000   Number         0  ftell.o ABSOLUTE
    ../clib/stdio.c                          0x00000000   Number         0  stdio_streams.o ABSOLUTE
    ../clib/stdio.c                          0x00000000   Number         0  fseek.o ABSOLUTE
    ../clib/stdio.c                          0x00000000   Number         0  stdio.o ABSOLUTE
    ../clib/stdio.c                          0x00000000   Number         0  fwritefast.o ABSOLUTE
    ../clib/stdio.c                          0x00000000   Number         0  fwritefast_locked.o ABSOLUTE
    ../clib/stdio.c                          0x00000000   Number         0  fflush.o ABSOLUTE
    ../clib/stdio.c                          0x00000000   Number         0  fputs.o ABSOLUTE
    ../clib/stdio.c                          0x00000000   Number         0  fputs_locked.o ABSOLUTE
    ../clib/stdio.c                          0x00000000   Number         0  fflush_locked.o ABSOLUTE
    ../clib/stdio.c                          0x00000000   Number         0  fopen_locked.o ABSOLUTE
    ../clib/stdio.c                          0x00000000   Number         0  setvbuf_locked.o ABSOLUTE
    ../clib/stdio.c                          0x00000000   Number         0  fclose.o ABSOLUTE
    ../clib/stdlib.c                         0x00000000   Number         0  exit.o ABSOLUTE
    ../clib/string.c                         0x00000000   Number         0  strlen.o ABSOLUTE
    ../clib/wchar.c                          0x00000000   Number         0  flsbuf_fwide.o ABSOLUTE
    ../fplib/dfixu.s                         0x00000000   Number         0  dfixu.o ABSOLUTE
    ../fplib/dflt.s                          0x00000000   Number         0  dflt_clz.o ABSOLUTE
    ../fplib/dmul.s                          0x00000000   Number         0  dmul.o ABSOLUTE
    ../fplib/dnaninf.s                       0x00000000   Number         0  dnaninf.o ABSOLUTE
    ../fplib/dretinf.s                       0x00000000   Number         0  dretinf.o ABSOLUTE
    ../fplib/faddsub.s                       0x00000000   Number         0  faddsub_clz.o ABSOLUTE
    ../fplib/fcmpi.s                         0x00000000   Number         0  fcmpi.o ABSOLUTE
    ../fplib/fdiv.s                          0x00000000   Number         0  fdiv.o ABSOLUTE
    ../fplib/ffixu.s                         0x00000000   Number         0  ffixu.o ABSOLUTE
    ../fplib/fflt.s                          0x00000000   Number         0  fflt_clz.o ABSOLUTE
    ../fplib/fleqf.s                         0x00000000   Number         0  fleqf.o ABSOLUTE
    ../fplib/fmul.s                          0x00000000   Number         0  fmul.o ABSOLUTE
    ../fplib/fnaninf.s                       0x00000000   Number         0  fnaninf.o ABSOLUTE
    ../fplib/fpinit.s                        0x00000000   Number         0  fpinit.o ABSOLUTE
    ../fplib/fretinf.s                       0x00000000   Number         0  fretinf.o ABSOLUTE
    ../fplib/frleqf.s                        0x00000000   Number         0  frleqf.o ABSOLUTE
    ../fplib/istatus.s                       0x00000000   Number         0  istatus.o ABSOLUTE
    ../fplib/printf1.s                       0x00000000   Number         0  printf1.o ABSOLUTE
    ../fplib/printf2.s                       0x00000000   Number         0  printf2.o ABSOLUTE
    ../fplib/printf2a.s                      0x00000000   Number         0  printf2a.o ABSOLUTE
    ../fplib/printf2b.s                      0x00000000   Number         0  printf2b.o ABSOLUTE
    ../fplib/usenofp.s                       0x00000000   Number         0  usenofp.o ABSOLUTE
    ../mathlib/fpclassify.c                  0x00000000   Number         0  fpclassify.o ABSOLUTE
    Hardware\Encoder.c                       0x00000000   Number         0  encoder.o ABSOLUTE
    Hardware\JY61P.c                         0x00000000   Number         0  jy61p.o ABSOLUTE
    Hardware\Key.c                           0x00000000   Number         0  key.o ABSOLUTE
    Hardware\LED.c                           0x00000000   Number         0  led.o ABSOLUTE
    Hardware\Motor.c                         0x00000000   Number         0  motor.o ABSOLUTE
    Hardware\OLED.c                          0x00000000   Number         0  oled.o ABSOLUTE
    Hardware\PWM.c                           0x00000000   Number         0  pwm.o ABSOLUTE
    Hardware\gray_line.c                     0x00000000   Number         0  gray_line.o ABSOLUTE
    Hardware\line_follower.c                 0x00000000   Number         0  line_follower.o ABSOLUTE
    Hardware\ml_gpio.c                       0x00000000   Number         0  ml_gpio.o ABSOLUTE
    Hardware\open_mv.c                       0x00000000   Number         0  open_mv.o ABSOLUTE
    Hardware\pid.c                           0x00000000   Number         0  pid.o ABSOLUTE
    Hardware\timer.c                         0x00000000   Number         0  timer.o ABSOLUTE
    Library\misc.c                           0x00000000   Number         0  misc.o ABSOLUTE
    Library\stm32f10x_adc.c                  0x00000000   Number         0  stm32f10x_adc.o ABSOLUTE
    Library\stm32f10x_bkp.c                  0x00000000   Number         0  stm32f10x_bkp.o ABSOLUTE
    Library\stm32f10x_can.c                  0x00000000   Number         0  stm32f10x_can.o ABSOLUTE
    Library\stm32f10x_cec.c                  0x00000000   Number         0  stm32f10x_cec.o ABSOLUTE
    Library\stm32f10x_crc.c                  0x00000000   Number         0  stm32f10x_crc.o ABSOLUTE
    Library\stm32f10x_dac.c                  0x00000000   Number         0  stm32f10x_dac.o ABSOLUTE
    Library\stm32f10x_dbgmcu.c               0x00000000   Number         0  stm32f10x_dbgmcu.o ABSOLUTE
    Library\stm32f10x_dma.c                  0x00000000   Number         0  stm32f10x_dma.o ABSOLUTE
    Library\stm32f10x_exti.c                 0x00000000   Number         0  stm32f10x_exti.o ABSOLUTE
    Library\stm32f10x_flash.c                0x00000000   Number         0  stm32f10x_flash.o ABSOLUTE
    Library\stm32f10x_fsmc.c                 0x00000000   Number         0  stm32f10x_fsmc.o ABSOLUTE
    Library\stm32f10x_gpio.c                 0x00000000   Number         0  stm32f10x_gpio.o ABSOLUTE
    Library\stm32f10x_i2c.c                  0x00000000   Number         0  stm32f10x_i2c.o ABSOLUTE
    Library\stm32f10x_iwdg.c                 0x00000000   Number         0  stm32f10x_iwdg.o ABSOLUTE
    Library\stm32f10x_pwr.c                  0x00000000   Number         0  stm32f10x_pwr.o ABSOLUTE
    Library\stm32f10x_rcc.c                  0x00000000   Number         0  stm32f10x_rcc.o ABSOLUTE
    Library\stm32f10x_rtc.c                  0x00000000   Number         0  stm32f10x_rtc.o ABSOLUTE
    Library\stm32f10x_sdio.c                 0x00000000   Number         0  stm32f10x_sdio.o ABSOLUTE
    Library\stm32f10x_spi.c                  0x00000000   Number         0  stm32f10x_spi.o ABSOLUTE
    Library\stm32f10x_tim.c                  0x00000000   Number         0  stm32f10x_tim.o ABSOLUTE
    Library\stm32f10x_usart.c                0x00000000   Number         0  stm32f10x_usart.o ABSOLUTE
    Library\stm32f10x_wwdg.c                 0x00000000   Number         0  stm32f10x_wwdg.o ABSOLUTE
    Start\\core_cm3.c                        0x00000000   Number         0  core_cm3.o ABSOLUTE
    Start\core_cm3.c                         0x00000000   Number         0  core_cm3.o ABSOLUTE
    Start\startup_stm32f10x_md.s             0x00000000   Number         0  startup_stm32f10x_md.o ABSOLUTE
    Start\system_stm32f10x.c                 0x00000000   Number         0  system_stm32f10x.o ABSOLUTE
    System\Delay.c                           0x00000000   Number         0  delay.o ABSOLUTE
    User\main.c                              0x00000000   Number         0  main.o ABSOLUTE
    User\stm32f10x_it.c                      0x00000000   Number         0  stm32f10x_it.o ABSOLUTE
    User\wit_c_sdk.c                         0x00000000   Number         0  wit_c_sdk.o ABSOLUTE
    dc.s                                     0x00000000   Number         0  dc.o ABSOLUTE
    RESET                                    0x08000000   Section      236  startup_stm32f10x_md.o(RESET)
    !!!main                                  0x080000ec   Section        8  __main.o(!!!main)
    !!!scatter                               0x080000f4   Section       52  __scatter.o(!!!scatter)
    !!handler_copy                           0x08000128   Section       26  __scatter_copy.o(!!handler_copy)
    !!handler_zi                             0x08000144   Section       28  __scatter_zi.o(!!handler_zi)
    .ARM.Collect$$libinit$$00000000          0x08000160   Section        2  libinit.o(.ARM.Collect$$libinit$$00000000)
    .ARM.Collect$$libinit$$00000002          0x08000162   Section        0  libinit2.o(.ARM.Collect$$libinit$$00000002)
    .ARM.Collect$$libinit$$00000004          0x08000162   Section        0  libinit2.o(.ARM.Collect$$libinit$$00000004)
    .ARM.Collect$$libinit$$0000000A          0x08000162   Section        0  libinit2.o(.ARM.Collect$$libinit$$0000000A)
    .ARM.Collect$$libinit$$0000000C          0x08000162   Section        0  libinit2.o(.ARM.Collect$$libinit$$0000000C)
    .ARM.Collect$$libinit$$0000000E          0x08000162   Section        0  libinit2.o(.ARM.Collect$$libinit$$0000000E)
    .ARM.Collect$$libinit$$00000011          0x08000162   Section        0  libinit2.o(.ARM.Collect$$libinit$$00000011)
    .ARM.Collect$$libinit$$00000013          0x08000162   Section        0  libinit2.o(.ARM.Collect$$libinit$$00000013)
    .ARM.Collect$$libinit$$00000015          0x08000162   Section        0  libinit2.o(.ARM.Collect$$libinit$$00000015)
    .ARM.Collect$$libinit$$00000017          0x08000162   Section        0  libinit2.o(.ARM.Collect$$libinit$$00000017)
    .ARM.Collect$$libinit$$00000019          0x08000162   Section        0  libinit2.o(.ARM.Collect$$libinit$$00000019)
    .ARM.Collect$$libinit$$0000001B          0x08000162   Section        0  libinit2.o(.ARM.Collect$$libinit$$0000001B)
    .ARM.Collect$$libinit$$0000001D          0x08000162   Section        0  libinit2.o(.ARM.Collect$$libinit$$0000001D)
    .ARM.Collect$$libinit$$0000001F          0x08000162   Section        0  libinit2.o(.ARM.Collect$$libinit$$0000001F)
    .ARM.Collect$$libinit$$00000021          0x08000162   Section        0  libinit2.o(.ARM.Collect$$libinit$$00000021)
    .ARM.Collect$$libinit$$00000023          0x08000162   Section        0  libinit2.o(.ARM.Collect$$libinit$$00000023)
    .ARM.Collect$$libinit$$00000025          0x08000162   Section        0  libinit2.o(.ARM.Collect$$libinit$$00000025)
    .ARM.Collect$$libinit$$0000002C          0x08000162   Section        0  libinit2.o(.ARM.Collect$$libinit$$0000002C)
    .ARM.Collect$$libinit$$0000002E          0x08000162   Section        0  libinit2.o(.ARM.Collect$$libinit$$0000002E)
    .ARM.Collect$$libinit$$00000030          0x08000162   Section        0  libinit2.o(.ARM.Collect$$libinit$$00000030)
    .ARM.Collect$$libinit$$00000032          0x08000162   Section        0  libinit2.o(.ARM.Collect$$libinit$$00000032)
    .ARM.Collect$$libinit$$00000033          0x08000162   Section        2  libinit2.o(.ARM.Collect$$libinit$$00000033)
    .ARM.Collect$$libshutdown$$00000000      0x08000164   Section        2  libshutdown.o(.ARM.Collect$$libshutdown$$00000000)
    .ARM.Collect$$libshutdown$$00000002      0x08000166   Section        0  libshutdown2.o(.ARM.Collect$$libshutdown$$00000002)
    .ARM.Collect$$libshutdown$$00000004      0x08000166   Section        0  libshutdown2.o(.ARM.Collect$$libshutdown$$00000004)
    .ARM.Collect$$libshutdown$$00000006      0x08000166   Section        0  libshutdown2.o(.ARM.Collect$$libshutdown$$00000006)
    .ARM.Collect$$libshutdown$$00000009      0x08000166   Section        0  libshutdown2.o(.ARM.Collect$$libshutdown$$00000009)
    .ARM.Collect$$libshutdown$$0000000C      0x08000166   Section        0  libshutdown2.o(.ARM.Collect$$libshutdown$$0000000C)
    .ARM.Collect$$libshutdown$$0000000E      0x08000166   Section        0  libshutdown2.o(.ARM.Collect$$libshutdown$$0000000E)
    .ARM.Collect$$libshutdown$$00000011      0x08000166   Section        0  libshutdown2.o(.ARM.Collect$$libshutdown$$00000011)
    .ARM.Collect$$libshutdown$$00000012      0x08000166   Section        2  libshutdown2.o(.ARM.Collect$$libshutdown$$00000012)
    .ARM.Collect$$rtentry$$00000000          0x08000168   Section        0  __rtentry.o(.ARM.Collect$$rtentry$$00000000)
    .ARM.Collect$$rtentry$$00000002          0x08000168   Section        0  __rtentry2.o(.ARM.Collect$$rtentry$$00000002)
    .ARM.Collect$$rtentry$$00000004          0x08000168   Section        6  __rtentry4.o(.ARM.Collect$$rtentry$$00000004)
    .ARM.Collect$$rtentry$$00000009          0x0800016e   Section        0  __rtentry2.o(.ARM.Collect$$rtentry$$00000009)
    .ARM.Collect$$rtentry$$0000000A          0x0800016e   Section        4  __rtentry2.o(.ARM.Collect$$rtentry$$0000000A)
    .ARM.Collect$$rtentry$$0000000C          0x08000172   Section        0  __rtentry2.o(.ARM.Collect$$rtentry$$0000000C)
    .ARM.Collect$$rtentry$$0000000D          0x08000172   Section        8  __rtentry2.o(.ARM.Collect$$rtentry$$0000000D)
    .ARM.Collect$$rtexit$$00000000           0x0800017a   Section        2  rtexit.o(.ARM.Collect$$rtexit$$00000000)
    .ARM.Collect$$rtexit$$00000002           0x0800017c   Section        0  rtexit2.o(.ARM.Collect$$rtexit$$00000002)
    .ARM.Collect$$rtexit$$00000003           0x0800017c   Section        4  rtexit2.o(.ARM.Collect$$rtexit$$00000003)
    .ARM.Collect$$rtexit$$00000004           0x08000180   Section        6  rtexit2.o(.ARM.Collect$$rtexit$$00000004)
    .text                                    0x08000188   Section       64  startup_stm32f10x_md.o(.text)
    .text                                    0x080001c8   Section      138  rt_memcpy_v6.o(.text)
    .text                                    0x08000252   Section        0  heapauxi.o(.text)
    .text                                    0x08000258   Section      100  rt_memcpy_w.o(.text)
    .text                                    0x080002bc   Section       74  sys_stackheap_outer.o(.text)
    .text                                    0x08000306   Section        0  exit.o(.text)
    .text                                    0x08000318   Section        8  libspace.o(.text)
    .text                                    0x08000320   Section        2  use_no_semi.o(.text)
    .text                                    0x08000322   Section        0  indicate_semi.o(.text)
    .text                                    0x08000324   Section        0  sys_exit.o(.text)
    i.AutoScanSensor                         0x08000330   Section        0  main.o(i.AutoScanSensor)
    i.BusFault_Handler                       0x08000378   Section        0  stm32f10x_it.o(i.BusFault_Handler)
    i.CopeWitData                            0x0800037c   Section        0  wit_c_sdk.o(i.CopeWitData)
    CopeWitData                              0x0800037d   Thumb Code   226  wit_c_sdk.o(i.CopeWitData)
    i.DebugMon_Handler                       0x0800046c   Section        0  stm32f10x_it.o(i.DebugMon_Handler)
    i.Delay_ms                               0x0800046e   Section        0  delay.o(i.Delay_ms)
    i.Delay_s                                0x08000486   Section        0  delay.o(i.Delay_s)
    i.Delay_us                               0x0800049e   Section        0  delay.o(i.Delay_us)
    i.GPIO_Init                              0x080004cc   Section        0  stm32f10x_gpio.o(i.GPIO_Init)
    i.GPIO_ReadInputDataBit                  0x080005e2   Section        0  stm32f10x_gpio.o(i.GPIO_ReadInputDataBit)
    i.GPIO_ResetBits                         0x080005f4   Section        0  stm32f10x_gpio.o(i.GPIO_ResetBits)
    i.GPIO_SetBits                           0x080005f8   Section        0  stm32f10x_gpio.o(i.GPIO_SetBits)
    i.GPIO_WriteBit                          0x080005fc   Section        0  stm32f10x_gpio.o(i.GPIO_WriteBit)
    i.HardFault_Handler                      0x08000606   Section        0  stm32f10x_it.o(i.HardFault_Handler)
    i.Key_GetNum                             0x0800060c   Section        0  key.o(i.Key_GetNum)
    i.Key_Init                               0x08000640   Section        0  key.o(i.Key_Init)
    i.MemManage_Handler                      0x0800066c   Section        0  stm32f10x_it.o(i.MemManage_Handler)
    i.Motor_Init                             0x08000670   Section        0  motor.o(i.Motor_Init)
    i.Motor_MECNAMU_SetSpeed                 0x080006c8   Section        0  motor.o(i.Motor_MECNAMU_SetSpeed)
    i.NMI_Handler                            0x080008dc   Section        0  stm32f10x_it.o(i.NMI_Handler)
    i.NVIC_Init                              0x080008e0   Section        0  misc.o(i.NVIC_Init)
    i.NVIC_PriorityGroupConfig               0x08000950   Section        0  misc.o(i.NVIC_PriorityGroupConfig)
    i.OLED_Clear                             0x08000964   Section        0  oled.o(i.OLED_Clear)
    i.OLED_I2C_Init                          0x08000990   Section        0  oled.o(i.OLED_I2C_Init)
    i.OLED_I2C_SendByte                      0x080009e0   Section        0  oled.o(i.OLED_I2C_SendByte)
    i.OLED_I2C_Start                         0x08000a34   Section        0  oled.o(i.OLED_I2C_Start)
    i.OLED_I2C_Stop                          0x08000a68   Section        0  oled.o(i.OLED_I2C_Stop)
    i.OLED_Init                              0x08000a90   Section        0  oled.o(i.OLED_Init)
    i.OLED_SetCursor                         0x08000b3e   Section        0  oled.o(i.OLED_SetCursor)
    i.OLED_WriteCommand                      0x08000b60   Section        0  oled.o(i.OLED_WriteCommand)
    i.OLED_WriteData                         0x08000b80   Section        0  oled.o(i.OLED_WriteData)
    i.PWM_Init                               0x08000ba0   Section        0  pwm.o(i.PWM_Init)
    i.PWM_SetCompare3                        0x08000c84   Section        0  pwm.o(i.PWM_SetCompare3)
    i.PWM_SetCompare4                        0x08000c98   Section        0  pwm.o(i.PWM_SetCompare4)
    i.PendSV_Handler                         0x08000cac   Section        0  stm32f10x_it.o(i.PendSV_Handler)
    i.RCC_APB1PeriphClockCmd                 0x08000cb0   Section        0  stm32f10x_rcc.o(i.RCC_APB1PeriphClockCmd)
    i.RCC_APB2PeriphClockCmd                 0x08000cd0   Section        0  stm32f10x_rcc.o(i.RCC_APB2PeriphClockCmd)
    i.RCC_GetClocksFreq                      0x08000cf0   Section        0  stm32f10x_rcc.o(i.RCC_GetClocksFreq)
    i.SVC_Handler                            0x08000dc4   Section        0  stm32f10x_it.o(i.SVC_Handler)
    i.SensorDataUpdata                       0x08000dc8   Section        0  main.o(i.SensorDataUpdata)
    i.SensorUartSend                         0x08000e38   Section        0  main.o(i.SensorUartSend)
    i.SetSysClock                            0x08000e48   Section        0  system_stm32f10x.o(i.SetSysClock)
    SetSysClock                              0x08000e49   Thumb Code     8  system_stm32f10x.o(i.SetSysClock)
    i.SetSysClockTo72                        0x08000e50   Section        0  system_stm32f10x.o(i.SetSysClockTo72)
    SetSysClockTo72                          0x08000e51   Thumb Code   214  system_stm32f10x.o(i.SetSysClockTo72)
    i.SysTick_Handler                        0x08000f30   Section        0  stm32f10x_it.o(i.SysTick_Handler)
    i.SystemInit                             0x08000f34   Section        0  system_stm32f10x.o(i.SystemInit)
    i.TIM4_IRQHandler                        0x08000f94   Section        0  main.o(i.TIM4_IRQHandler)
    i.TIM_ClearFlag                          0x08000f96   Section        0  stm32f10x_tim.o(i.TIM_ClearFlag)
    i.TIM_Cmd                                0x08000f9c   Section        0  stm32f10x_tim.o(i.TIM_Cmd)
    i.TIM_CtrlPWMOutputs                     0x08000fb4   Section        0  stm32f10x_tim.o(i.TIM_CtrlPWMOutputs)
    i.TIM_ITConfig                           0x08000fd2   Section        0  stm32f10x_tim.o(i.TIM_ITConfig)
    i.TIM_InternalClockConfig                0x08000fe4   Section        0  stm32f10x_tim.o(i.TIM_InternalClockConfig)
    i.TIM_OC2Init                            0x08000ff0   Section        0  stm32f10x_tim.o(i.TIM_OC2Init)
    i.TIM_OC3Init                            0x08001094   Section        0  stm32f10x_tim.o(i.TIM_OC3Init)
    i.TIM_OC4Init                            0x08001134   Section        0  stm32f10x_tim.o(i.TIM_OC4Init)
    i.TIM_SetCompare2                        0x080011b0   Section        0  stm32f10x_tim.o(i.TIM_SetCompare2)
    i.TIM_SetCompare3                        0x080011b4   Section        0  stm32f10x_tim.o(i.TIM_SetCompare3)
    i.TIM_SetCompare4                        0x080011b8   Section        0  stm32f10x_tim.o(i.TIM_SetCompare4)
    i.TIM_TimeBaseInit                       0x080011c0   Section        0  stm32f10x_tim.o(i.TIM_TimeBaseInit)
    i.Timer_Init                             0x08001264   Section        0  timer.o(i.Timer_Init)
    i.USART1_IRQHandler                      0x080012e8   Section        0  open_mv.o(i.USART1_IRQHandler)
    i.USART2_IRQHandler                      0x08001308   Section        0  jy61p.o(i.USART2_IRQHandler)
    i.USART3_IRQHandler                      0x08001340   Section        0  open_mv.o(i.USART3_IRQHandler)
    i.USART3_openmv_Init                     0x08001404   Section        0  open_mv.o(i.USART3_openmv_Init)
    i.USART_ClearITPendingBit                0x080014ac   Section        0  stm32f10x_usart.o(i.USART_ClearITPendingBit)
    i.USART_Cmd                              0x080014ca   Section        0  stm32f10x_usart.o(i.USART_Cmd)
    i.USART_GetFlagStatus                    0x080014e2   Section        0  stm32f10x_usart.o(i.USART_GetFlagStatus)
    i.USART_GetITStatus                      0x080014fc   Section        0  stm32f10x_usart.o(i.USART_GetITStatus)
    i.USART_ITConfig                         0x08001550   Section        0  stm32f10x_usart.o(i.USART_ITConfig)
    i.USART_Init                             0x0800159c   Section        0  stm32f10x_usart.o(i.USART_Init)
    i.USART_ReceiveData                      0x08001674   Section        0  stm32f10x_usart.o(i.USART_ReceiveData)
    i.USART_SendData                         0x0800167e   Section        0  stm32f10x_usart.o(i.USART_SendData)
    i.Uart2Send                              0x08001688   Section        0  jy61p.o(i.Uart2Send)
    i.UsageFault_Handler                     0x080016c4   Section        0  stm32f10x_it.o(i.UsageFault_Handler)
    i.Usart2Init                             0x080016c8   Section        0  jy61p.o(i.Usart2Init)
    i.WitInit                                0x0800176c   Section        0  wit_c_sdk.o(i.WitInit)
    i.WitReadReg                             0x08001798   Section        0  wit_c_sdk.o(i.WitReadReg)
    i.WitRegisterCallBack                    0x08001970   Section        0  wit_c_sdk.o(i.WitRegisterCallBack)
    i.WitSerialDataIn                        0x08001988   Section        0  wit_c_sdk.o(i.WitSerialDataIn)
    i.WitSerialWriteRegister                 0x08001b74   Section        0  wit_c_sdk.o(i.WitSerialWriteRegister)
    i.__CRC16                                0x08001b8c   Section        0  wit_c_sdk.o(i.__CRC16)
    __CRC16                                  0x08001b8d   Thumb Code    48  wit_c_sdk.o(i.__CRC16)
    i.__CaliSum                              0x08001bc4   Section        0  wit_c_sdk.o(i.__CaliSum)
    __CaliSum                                0x08001bc5   Thumb Code    26  wit_c_sdk.o(i.__CaliSum)
    i.gray_init                              0x08001be0   Section        0  gray_line.o(i.gray_init)
    i.line_follower_init                     0x08001c0c   Section        0  line_follower.o(i.line_follower_init)
    i.main                                   0x08001c64   Section        0  main.o(i.main)
    i.pid_init                               0x08001e28   Section        0  pid.o(i.pid_init)
    i.test_motor_left                        0x08001e5c   Section        0  pwm.o(i.test_motor_left)
    i.test_motor_right                       0x08001e70   Section        0  pwm.o(i.test_motor_right)
    i.uart4_init                             0x08001e84   Section        0  open_mv.o(i.uart4_init)
    x$fpl$dfixu                              0x08001f2c   Section       90  dfixu.o(x$fpl$dfixu)
    x$fpl$dfltu                              0x08001f86   Section       38  dflt_clz.o(x$fpl$dfltu)
    x$fpl$dmul                               0x08001fac   Section      340  dmul.o(x$fpl$dmul)
    x$fpl$dnaninf                            0x08002100   Section      156  dnaninf.o(x$fpl$dnaninf)
    x$fpl$dretinf                            0x0800219c   Section       12  dretinf.o(x$fpl$dretinf)
    x$fpl$fadd                               0x080021a8   Section      196  faddsub_clz.o(x$fpl$fadd)
    _fadd1                                   0x080021b7   Thumb Code     0  faddsub_clz.o(x$fpl$fadd)
    x$fpl$fcmpinf                            0x0800226c   Section       24  fcmpi.o(x$fpl$fcmpinf)
    x$fpl$fdiv                               0x08002284   Section      388  fdiv.o(x$fpl$fdiv)
    _fdiv1                                   0x08002285   Thumb Code     0  fdiv.o(x$fpl$fdiv)
    x$fpl$ffixu                              0x08002408   Section       62  ffixu.o(x$fpl$ffixu)
    x$fpl$fflt                               0x08002448   Section       48  fflt_clz.o(x$fpl$fflt)
    x$fpl$fleqf                              0x08002478   Section      104  fleqf.o(x$fpl$fleqf)
    x$fpl$fmul                               0x080024e0   Section      258  fmul.o(x$fpl$fmul)
    x$fpl$fnaninf                            0x080025e2   Section      140  fnaninf.o(x$fpl$fnaninf)
    x$fpl$fretinf                            0x0800266e   Section       10  fretinf.o(x$fpl$fretinf)
    x$fpl$frleqf                             0x08002678   Section       98  frleqf.o(x$fpl$frleqf)
    x$fpl$fsub                               0x080026dc   Section      234  faddsub_clz.o(x$fpl$fsub)
    _fsub1                                   0x080026eb   Thumb Code     0  faddsub_clz.o(x$fpl$fsub)
    x$fpl$usenofp                            0x080027c6   Section        0  usenofp.o(x$fpl$usenofp)
    .constdata                               0x080027c8   Section       40  main.o(.constdata)
    .constdata                               0x080027f0   Section      512  wit_c_sdk.o(.constdata)
    __auchCRCHi                              0x080027f0   Data         256  wit_c_sdk.o(.constdata)
    __auchCRCLo                              0x080028f0   Data         256  wit_c_sdk.o(.constdata)
    .data                                    0x20000000   Section       20  stm32f10x_rcc.o(.data)
    APBAHBPrescTable                         0x20000000   Data          16  stm32f10x_rcc.o(.data)
    ADCPrescTable                            0x20000010   Data           4  stm32f10x_rcc.o(.data)
    .data                                    0x20000014   Section       24  pid.o(.data)
    .data                                    0x2000002c   Section       20  open_mv.o(.data)
    j                                        0x2000003c   Data           4  open_mv.o(.data)
    .data                                    0x20000040   Section       57  main.o(.data)
    s_cDataUpdate                            0x20000046   Data           1  main.o(.data)
    s_cCmd                                   0x20000047   Data           1  main.o(.data)
    s_ucRxCnt                                0x20000078   Data           1  main.o(.data)
    .data                                    0x2000007c   Section       40  wit_c_sdk.o(.data)
    p_WitSerialWriteFunc                     0x2000007c   Data           4  wit_c_sdk.o(.data)
    p_WitI2cWriteFunc                        0x20000080   Data           4  wit_c_sdk.o(.data)
    p_WitI2cReadFunc                         0x20000084   Data           4  wit_c_sdk.o(.data)
    p_WitCanWriteFunc                        0x20000088   Data           4  wit_c_sdk.o(.data)
    p_WitRegUpdateCbFunc                     0x2000008c   Data           4  wit_c_sdk.o(.data)
    p_WitDelaymsFunc                         0x20000090   Data           4  wit_c_sdk.o(.data)
    s_ucAddr                                 0x20000094   Data           1  wit_c_sdk.o(.data)
    s_uiWitDataCnt                           0x20000098   Data           4  wit_c_sdk.o(.data)
    s_uiProtoclo                             0x2000009c   Data           4  wit_c_sdk.o(.data)
    s_uiReadRegIndex                         0x200000a0   Data           4  wit_c_sdk.o(.data)
    .bss                                     0x200000a4   Section      104  pid.o(.bss)
    .bss                                     0x2000010c   Section       60  open_mv.o(.bss)
    .bss                                     0x20000148   Section      544  wit_c_sdk.o(.bss)
    s_ucWitDataBuff                          0x20000148   Data         256  wit_c_sdk.o(.bss)
    .bss                                     0x20000368   Section       96  libspace.o(.bss)
    HEAP                                     0x200003c8   Section      512  startup_stm32f10x_md.o(HEAP)
    Heap_Mem                                 0x200003c8   Data         512  startup_stm32f10x_md.o(HEAP)
    STACK                                    0x200005c8   Section     1024  startup_stm32f10x_md.o(STACK)
    Stack_Mem                                0x200005c8   Data        1024  startup_stm32f10x_md.o(STACK)
    __initial_sp                             0x200009c8   Data           0  startup_stm32f10x_md.o(STACK)

    Global Symbols

    Symbol Name                              Value     Ov Type        Size  Object(Section)

    BuildAttributes$$THM_ISAv4$P$D$K$B$S$PE$A:L22UL41UL21$X:L11$S22US41US21$IEEE1$IW$USESV6$~STKCKD$USESV7$~SHL$OTIME$ROPI$IEEEJ$EBA8$UX$STANDARDLIB$REQ8$PRES8$EABIv2 0x00000000   Number         0  anon$$obj.o ABSOLUTE
    __ARM_use_no_argv                        0x00000000   Number         0  main.o ABSOLUTE
    _printf_flags                            0x00000000   Number         0  printf_stubs.o ABSOLUTE
    _printf_return_value                     0x00000000   Number         0  printf_stubs.o ABSOLUTE
    _printf_sizespec                         0x00000000   Number         0  printf_stubs.o ABSOLUTE
    _printf_widthprec                        0x00000000   Number         0  printf_stubs.o ABSOLUTE
    __ARM_exceptions_init                     - Undefined Weak Reference
    __alloca_initialize                       - Undefined Weak Reference
    __arm_fini_                               - Undefined Weak Reference
    __arm_preinit_                            - Undefined Weak Reference
    __cpp_initialize__aeabi_                  - Undefined Weak Reference
    __cxa_finalize                            - Undefined Weak Reference
    __sigvec_lookup                           - Undefined Weak Reference
    __user_heap_extent                        - Undefined Weak Reference
    _atexit_init                              - Undefined Weak Reference
    _call_atexit_fns                          - Undefined Weak Reference
    _clock_init                               - Undefined Weak Reference
    _fp_trap_init                             - Undefined Weak Reference
    _fp_trap_shutdown                         - Undefined Weak Reference
    _get_lc_collate                           - Undefined Weak Reference
    _get_lc_monetary                          - Undefined Weak Reference
    _get_lc_time                              - Undefined Weak Reference
    _getenv_init                              - Undefined Weak Reference
    _handle_redirection                       - Undefined Weak Reference
    _mutex_acquire                            - Undefined Weak Reference
    _mutex_free                               - Undefined Weak Reference
    _mutex_release                            - Undefined Weak Reference
    _printf_mbtowc                            - Undefined Weak Reference
    _printf_wc                                - Undefined Weak Reference
    _rand_init                                - Undefined Weak Reference
    _signal_finish                            - Undefined Weak Reference
    _signal_init                              - Undefined Weak Reference
    __Vectors_Size                           0x000000ec   Number         0  startup_stm32f10x_md.o ABSOLUTE
    __Vectors                                0x08000000   Data           4  startup_stm32f10x_md.o(RESET)
    __Vectors_End                            0x080000ec   Data           0  startup_stm32f10x_md.o(RESET)
    __main                                   0x080000ed   Thumb Code     8  __main.o(!!!main)
    __scatterload                            0x080000f5   Thumb Code     0  __scatter.o(!!!scatter)
    __scatterload_rt2                        0x080000f5   Thumb Code    44  __scatter.o(!!!scatter)
    __scatterload_rt2_thumb_only             0x080000f5   Thumb Code     0  __scatter.o(!!!scatter)
    __scatterload_null                       0x08000103   Thumb Code     0  __scatter.o(!!!scatter)
    __scatterload_copy                       0x08000129   Thumb Code    26  __scatter_copy.o(!!handler_copy)
    __scatterload_zeroinit                   0x08000145   Thumb Code    28  __scatter_zi.o(!!handler_zi)
    __rt_lib_init                            0x08000161   Thumb Code     0  libinit.o(.ARM.Collect$$libinit$$00000000)
    __rt_lib_init_alloca_1                   0x08000163   Thumb Code     0  libinit2.o(.ARM.Collect$$libinit$$0000002E)
    __rt_lib_init_argv_1                     0x08000163   Thumb Code     0  libinit2.o(.ARM.Collect$$libinit$$0000002C)
    __rt_lib_init_atexit_1                   0x08000163   Thumb Code     0  libinit2.o(.ARM.Collect$$libinit$$0000001B)
    __rt_lib_init_clock_1                    0x08000163   Thumb Code     0  libinit2.o(.ARM.Collect$$libinit$$00000021)
    __rt_lib_init_cpp_1                      0x08000163   Thumb Code     0  libinit2.o(.ARM.Collect$$libinit$$00000032)
    __rt_lib_init_exceptions_1               0x08000163   Thumb Code     0  libinit2.o(.ARM.Collect$$libinit$$00000030)
    __rt_lib_init_fp_1                       0x08000163   Thumb Code     0  libinit2.o(.ARM.Collect$$libinit$$00000002)
    __rt_lib_init_fp_trap_1                  0x08000163   Thumb Code     0  libinit2.o(.ARM.Collect$$libinit$$0000001F)
    __rt_lib_init_getenv_1                   0x08000163   Thumb Code     0  libinit2.o(.ARM.Collect$$libinit$$00000023)
    __rt_lib_init_heap_1                     0x08000163   Thumb Code     0  libinit2.o(.ARM.Collect$$libinit$$0000000A)
    __rt_lib_init_lc_collate_1               0x08000163   Thumb Code     0  libinit2.o(.ARM.Collect$$libinit$$00000011)
    __rt_lib_init_lc_ctype_1                 0x08000163   Thumb Code     0  libinit2.o(.ARM.Collect$$libinit$$00000013)
    __rt_lib_init_lc_monetary_1              0x08000163   Thumb Code     0  libinit2.o(.ARM.Collect$$libinit$$00000015)
    __rt_lib_init_lc_numeric_1               0x08000163   Thumb Code     0  libinit2.o(.ARM.Collect$$libinit$$00000017)
    __rt_lib_init_lc_time_1                  0x08000163   Thumb Code     0  libinit2.o(.ARM.Collect$$libinit$$00000019)
    __rt_lib_init_preinit_1                  0x08000163   Thumb Code     0  libinit2.o(.ARM.Collect$$libinit$$00000004)
    __rt_lib_init_rand_1                     0x08000163   Thumb Code     0  libinit2.o(.ARM.Collect$$libinit$$0000000E)
    __rt_lib_init_return                     0x08000163   Thumb Code     0  libinit2.o(.ARM.Collect$$libinit$$00000033)
    __rt_lib_init_signal_1                   0x08000163   Thumb Code     0  libinit2.o(.ARM.Collect$$libinit$$0000001D)
    __rt_lib_init_stdio_1                    0x08000163   Thumb Code     0  libinit2.o(.ARM.Collect$$libinit$$00000025)
    __rt_lib_init_user_alloc_1               0x08000163   Thumb Code     0  libinit2.o(.ARM.Collect$$libinit$$0000000C)
    __rt_lib_shutdown                        0x08000165   Thumb Code     0  libshutdown.o(.ARM.Collect$$libshutdown$$00000000)
    __rt_lib_shutdown_cpp_1                  0x08000167   Thumb Code     0  libshutdown2.o(.ARM.Collect$$libshutdown$$00000004)
    __rt_lib_shutdown_fini_1                 0x08000167   Thumb Code     0  libshutdown2.o(.ARM.Collect$$libshutdown$$00000002)
    __rt_lib_shutdown_fp_trap_1              0x08000167   Thumb Code     0  libshutdown2.o(.ARM.Collect$$libshutdown$$00000009)
    __rt_lib_shutdown_heap_1                 0x08000167   Thumb Code     0  libshutdown2.o(.ARM.Collect$$libshutdown$$00000011)
    __rt_lib_shutdown_return                 0x08000167   Thumb Code     0  libshutdown2.o(.ARM.Collect$$libshutdown$$00000012)
    __rt_lib_shutdown_signal_1               0x08000167   Thumb Code     0  libshutdown2.o(.ARM.Collect$$libshutdown$$0000000C)
    __rt_lib_shutdown_stdio_1                0x08000167   Thumb Code     0  libshutdown2.o(.ARM.Collect$$libshutdown$$00000006)
    __rt_lib_shutdown_user_alloc_1           0x08000167   Thumb Code     0  libshutdown2.o(.ARM.Collect$$libshutdown$$0000000E)
    __rt_entry                               0x08000169   Thumb Code     0  __rtentry.o(.ARM.Collect$$rtentry$$00000000)
    __rt_entry_presh_1                       0x08000169   Thumb Code     0  __rtentry2.o(.ARM.Collect$$rtentry$$00000002)
    __rt_entry_sh                            0x08000169   Thumb Code     0  __rtentry4.o(.ARM.Collect$$rtentry$$00000004)
    __rt_entry_li                            0x0800016f   Thumb Code     0  __rtentry2.o(.ARM.Collect$$rtentry$$0000000A)
    __rt_entry_postsh_1                      0x0800016f   Thumb Code     0  __rtentry2.o(.ARM.Collect$$rtentry$$00000009)
    __rt_entry_main                          0x08000173   Thumb Code     0  __rtentry2.o(.ARM.Collect$$rtentry$$0000000D)
    __rt_entry_postli_1                      0x08000173   Thumb Code     0  __rtentry2.o(.ARM.Collect$$rtentry$$0000000C)
    __rt_exit                                0x0800017b   Thumb Code     0  rtexit.o(.ARM.Collect$$rtexit$$00000000)
    __rt_exit_ls                             0x0800017d   Thumb Code     0  rtexit2.o(.ARM.Collect$$rtexit$$00000003)
    __rt_exit_prels_1                        0x0800017d   Thumb Code     0  rtexit2.o(.ARM.Collect$$rtexit$$00000002)
    __rt_exit_exit                           0x08000181   Thumb Code     0  rtexit2.o(.ARM.Collect$$rtexit$$00000004)
    Reset_Handler                            0x08000189   Thumb Code     8  startup_stm32f10x_md.o(.text)
    ADC1_2_IRQHandler                        0x080001a3   Thumb Code     0  startup_stm32f10x_md.o(.text)
    CAN1_RX1_IRQHandler                      0x080001a3   Thumb Code     0  startup_stm32f10x_md.o(.text)
    CAN1_SCE_IRQHandler                      0x080001a3   Thumb Code     0  startup_stm32f10x_md.o(.text)
    DMA1_Channel1_IRQHandler                 0x080001a3   Thumb Code     0  startup_stm32f10x_md.o(.text)
    DMA1_Channel2_IRQHandler                 0x080001a3   Thumb Code     0  startup_stm32f10x_md.o(.text)
    DMA1_Channel3_IRQHandler                 0x080001a3   Thumb Code     0  startup_stm32f10x_md.o(.text)
    DMA1_Channel4_IRQHandler                 0x080001a3   Thumb Code     0  startup_stm32f10x_md.o(.text)
    DMA1_Channel5_IRQHandler                 0x080001a3   Thumb Code     0  startup_stm32f10x_md.o(.text)
    DMA1_Channel6_IRQHandler                 0x080001a3   Thumb Code     0  startup_stm32f10x_md.o(.text)
    DMA1_Channel7_IRQHandler                 0x080001a3   Thumb Code     0  startup_stm32f10x_md.o(.text)
    EXTI0_IRQHandler                         0x080001a3   Thumb Code     0  startup_stm32f10x_md.o(.text)
    EXTI15_10_IRQHandler                     0x080001a3   Thumb Code     0  startup_stm32f10x_md.o(.text)
    EXTI1_IRQHandler                         0x080001a3   Thumb Code     0  startup_stm32f10x_md.o(.text)
    EXTI2_IRQHandler                         0x080001a3   Thumb Code     0  startup_stm32f10x_md.o(.text)
    EXTI3_IRQHandler                         0x080001a3   Thumb Code     0  startup_stm32f10x_md.o(.text)
    EXTI4_IRQHandler                         0x080001a3   Thumb Code     0  startup_stm32f10x_md.o(.text)
    EXTI9_5_IRQHandler                       0x080001a3   Thumb Code     0  startup_stm32f10x_md.o(.text)
    FLASH_IRQHandler                         0x080001a3   Thumb Code     0  startup_stm32f10x_md.o(.text)
    I2C1_ER_IRQHandler                       0x080001a3   Thumb Code     0  startup_stm32f10x_md.o(.text)
    I2C1_EV_IRQHandler                       0x080001a3   Thumb Code     0  startup_stm32f10x_md.o(.text)
    I2C2_ER_IRQHandler                       0x080001a3   Thumb Code     0  startup_stm32f10x_md.o(.text)
    I2C2_EV_IRQHandler                       0x080001a3   Thumb Code     0  startup_stm32f10x_md.o(.text)
    PVD_IRQHandler                           0x080001a3   Thumb Code     0  startup_stm32f10x_md.o(.text)
    RCC_IRQHandler                           0x080001a3   Thumb Code     0  startup_stm32f10x_md.o(.text)
    RTCAlarm_IRQHandler                      0x080001a3   Thumb Code     0  startup_stm32f10x_md.o(.text)
    RTC_IRQHandler                           0x080001a3   Thumb Code     0  startup_stm32f10x_md.o(.text)
    SPI1_IRQHandler                          0x080001a3   Thumb Code     0  startup_stm32f10x_md.o(.text)
    SPI2_IRQHandler                          0x080001a3   Thumb Code     0  startup_stm32f10x_md.o(.text)
    TAMPER_IRQHandler                        0x080001a3   Thumb Code     0  startup_stm32f10x_md.o(.text)
    TIM1_BRK_IRQHandler                      0x080001a3   Thumb Code     0  startup_stm32f10x_md.o(.text)
    TIM1_CC_IRQHandler                       0x080001a3   Thumb Code     0  startup_stm32f10x_md.o(.text)
    TIM1_TRG_COM_IRQHandler                  0x080001a3   Thumb Code     0  startup_stm32f10x_md.o(.text)
    TIM1_UP_IRQHandler                       0x080001a3   Thumb Code     0  startup_stm32f10x_md.o(.text)
    TIM2_IRQHandler                          0x080001a3   Thumb Code     0  startup_stm32f10x_md.o(.text)
    TIM3_IRQHandler                          0x080001a3   Thumb Code     0  startup_stm32f10x_md.o(.text)
    USBWakeUp_IRQHandler                     0x080001a3   Thumb Code     0  startup_stm32f10x_md.o(.text)
    USB_HP_CAN1_TX_IRQHandler                0x080001a3   Thumb Code     0  startup_stm32f10x_md.o(.text)
    USB_LP_CAN1_RX0_IRQHandler               0x080001a3   Thumb Code     0  startup_stm32f10x_md.o(.text)
    WWDG_IRQHandler                          0x080001a3   Thumb Code     0  startup_stm32f10x_md.o(.text)
    __user_initial_stackheap                 0x080001a5   Thumb Code     0  startup_stm32f10x_md.o(.text)
    __aeabi_memcpy                           0x080001c9   Thumb Code     0  rt_memcpy_v6.o(.text)
    __rt_memcpy                              0x080001c9   Thumb Code   138  rt_memcpy_v6.o(.text)
    _memcpy_lastbytes                        0x0800022f   Thumb Code     0  rt_memcpy_v6.o(.text)
    __use_two_region_memory                  0x08000253   Thumb Code     2  heapauxi.o(.text)
    __rt_heap_escrow                         0x08000255   Thumb Code     2  heapauxi.o(.text)
    __rt_heap_expand                         0x08000257   Thumb Code     2  heapauxi.o(.text)
    __aeabi_memcpy4                          0x08000259   Thumb Code     0  rt_memcpy_w.o(.text)
    __aeabi_memcpy8                          0x08000259   Thumb Code     0  rt_memcpy_w.o(.text)
    __rt_memcpy_w                            0x08000259   Thumb Code   100  rt_memcpy_w.o(.text)
    _memcpy_lastbytes_aligned                0x080002a1   Thumb Code     0  rt_memcpy_w.o(.text)
    __user_setup_stackheap                   0x080002bd   Thumb Code    74  sys_stackheap_outer.o(.text)
    exit                                     0x08000307   Thumb Code    18  exit.o(.text)
    __user_libspace                          0x08000319   Thumb Code     8  libspace.o(.text)
    __user_perproc_libspace                  0x08000319   Thumb Code     0  libspace.o(.text)
    __user_perthread_libspace                0x08000319   Thumb Code     0  libspace.o(.text)
    __I$use$semihosting                      0x08000321   Thumb Code     0  use_no_semi.o(.text)
    __use_no_semihosting_swi                 0x08000321   Thumb Code     2  use_no_semi.o(.text)
    __semihosting_library_function           0x08000323   Thumb Code     0  indicate_semi.o(.text)
    _sys_exit                                0x08000325   Thumb Code     8  sys_exit.o(.text)
    AutoScanSensor                           0x08000331   Thumb Code    64  main.o(i.AutoScanSensor)
    BusFault_Handler                         0x08000379   Thumb Code     4  stm32f10x_it.o(i.BusFault_Handler)
    DebugMon_Handler                         0x0800046d   Thumb Code     2  stm32f10x_it.o(i.DebugMon_Handler)
    Delay_ms                                 0x0800046f   Thumb Code    24  delay.o(i.Delay_ms)
    Delay_s                                  0x08000487   Thumb Code    24  delay.o(i.Delay_s)
    Delay_us                                 0x0800049f   Thumb Code    46  delay.o(i.Delay_us)
    GPIO_Init                                0x080004cd   Thumb Code   278  stm32f10x_gpio.o(i.GPIO_Init)
    GPIO_ReadInputDataBit                    0x080005e3   Thumb Code    18  stm32f10x_gpio.o(i.GPIO_ReadInputDataBit)
    GPIO_ResetBits                           0x080005f5   Thumb Code     4  stm32f10x_gpio.o(i.GPIO_ResetBits)
    GPIO_SetBits                             0x080005f9   Thumb Code     4  stm32f10x_gpio.o(i.GPIO_SetBits)
    GPIO_WriteBit                            0x080005fd   Thumb Code    10  stm32f10x_gpio.o(i.GPIO_WriteBit)
    HardFault_Handler                        0x08000607   Thumb Code     4  stm32f10x_it.o(i.HardFault_Handler)
    Key_GetNum                               0x0800060d   Thumb Code    46  key.o(i.Key_GetNum)
    Key_Init                                 0x08000641   Thumb Code    38  key.o(i.Key_Init)
    MemManage_Handler                        0x0800066d   Thumb Code     4  stm32f10x_it.o(i.MemManage_Handler)
    Motor_Init                               0x08000671   Thumb Code    78  motor.o(i.Motor_Init)
    Motor_MECNAMU_SetSpeed                   0x080006c9   Thumb Code   508  motor.o(i.Motor_MECNAMU_SetSpeed)
    NMI_Handler                              0x080008dd   Thumb Code     2  stm32f10x_it.o(i.NMI_Handler)
    NVIC_Init                                0x080008e1   Thumb Code   100  misc.o(i.NVIC_Init)
    NVIC_PriorityGroupConfig                 0x08000951   Thumb Code    10  misc.o(i.NVIC_PriorityGroupConfig)
    OLED_Clear                               0x08000965   Thumb Code    42  oled.o(i.OLED_Clear)
    OLED_I2C_Init                            0x08000991   Thumb Code    76  oled.o(i.OLED_I2C_Init)
    OLED_I2C_SendByte                        0x080009e1   Thumb Code    80  oled.o(i.OLED_I2C_SendByte)
    OLED_I2C_Start                           0x08000a35   Thumb Code    48  oled.o(i.OLED_I2C_Start)
    OLED_I2C_Stop                            0x08000a69   Thumb Code    36  oled.o(i.OLED_I2C_Stop)
    OLED_Init                                0x08000a91   Thumb Code   174  oled.o(i.OLED_Init)
    OLED_SetCursor                           0x08000b3f   Thumb Code    34  oled.o(i.OLED_SetCursor)
    OLED_WriteCommand                        0x08000b61   Thumb Code    32  oled.o(i.OLED_WriteCommand)
    OLED_WriteData                           0x08000b81   Thumb Code    32  oled.o(i.OLED_WriteData)
    PWM_Init                                 0x08000ba1   Thumb Code   212  pwm.o(i.PWM_Init)
    PWM_SetCompare3                          0x08000c85   Thumb Code    14  pwm.o(i.PWM_SetCompare3)
    PWM_SetCompare4                          0x08000c99   Thumb Code    14  pwm.o(i.PWM_SetCompare4)
    PendSV_Handler                           0x08000cad   Thumb Code     2  stm32f10x_it.o(i.PendSV_Handler)
    RCC_APB1PeriphClockCmd                   0x08000cb1   Thumb Code    26  stm32f10x_rcc.o(i.RCC_APB1PeriphClockCmd)
    RCC_APB2PeriphClockCmd                   0x08000cd1   Thumb Code    26  stm32f10x_rcc.o(i.RCC_APB2PeriphClockCmd)
    RCC_GetClocksFreq                        0x08000cf1   Thumb Code   192  stm32f10x_rcc.o(i.RCC_GetClocksFreq)
    SVC_Handler                              0x08000dc5   Thumb Code     2  stm32f10x_it.o(i.SVC_Handler)
    SensorDataUpdata                         0x08000dc9   Thumb Code   106  main.o(i.SensorDataUpdata)
    SensorUartSend                           0x08000e39   Thumb Code    16  main.o(i.SensorUartSend)
    SysTick_Handler                          0x08000f31   Thumb Code     2  stm32f10x_it.o(i.SysTick_Handler)
    SystemInit                               0x08000f35   Thumb Code    78  system_stm32f10x.o(i.SystemInit)
    TIM4_IRQHandler                          0x08000f95   Thumb Code     2  main.o(i.TIM4_IRQHandler)
    TIM_ClearFlag                            0x08000f97   Thumb Code     6  stm32f10x_tim.o(i.TIM_ClearFlag)
    TIM_Cmd                                  0x08000f9d   Thumb Code    24  stm32f10x_tim.o(i.TIM_Cmd)
    TIM_CtrlPWMOutputs                       0x08000fb5   Thumb Code    30  stm32f10x_tim.o(i.TIM_CtrlPWMOutputs)
    TIM_ITConfig                             0x08000fd3   Thumb Code    18  stm32f10x_tim.o(i.TIM_ITConfig)
    TIM_InternalClockConfig                  0x08000fe5   Thumb Code    12  stm32f10x_tim.o(i.TIM_InternalClockConfig)
    TIM_OC2Init                              0x08000ff1   Thumb Code   154  stm32f10x_tim.o(i.TIM_OC2Init)
    TIM_OC3Init                              0x08001095   Thumb Code   150  stm32f10x_tim.o(i.TIM_OC3Init)
    TIM_OC4Init                              0x08001135   Thumb Code   114  stm32f10x_tim.o(i.TIM_OC4Init)
    TIM_SetCompare2                          0x080011b1   Thumb Code     4  stm32f10x_tim.o(i.TIM_SetCompare2)
    TIM_SetCompare3                          0x080011b5   Thumb Code     4  stm32f10x_tim.o(i.TIM_SetCompare3)
    TIM_SetCompare4                          0x080011b9   Thumb Code     6  stm32f10x_tim.o(i.TIM_SetCompare4)
    TIM_TimeBaseInit                         0x080011c1   Thumb Code   122  stm32f10x_tim.o(i.TIM_TimeBaseInit)
    Timer_Init                               0x08001265   Thumb Code   124  timer.o(i.Timer_Init)
    USART1_IRQHandler                        0x080012e9   Thumb Code    28  open_mv.o(i.USART1_IRQHandler)
    USART2_IRQHandler                        0x08001309   Thumb Code    50  jy61p.o(i.USART2_IRQHandler)
    USART3_IRQHandler                        0x08001341   Thumb Code   170  open_mv.o(i.USART3_IRQHandler)
    USART3_openmv_Init                       0x08001405   Thumb Code   158  open_mv.o(i.USART3_openmv_Init)
    USART_ClearITPendingBit                  0x080014ad   Thumb Code    30  stm32f10x_usart.o(i.USART_ClearITPendingBit)
    USART_Cmd                                0x080014cb   Thumb Code    24  stm32f10x_usart.o(i.USART_Cmd)
    USART_GetFlagStatus                      0x080014e3   Thumb Code    26  stm32f10x_usart.o(i.USART_GetFlagStatus)
    USART_GetITStatus                        0x080014fd   Thumb Code    84  stm32f10x_usart.o(i.USART_GetITStatus)
    USART_ITConfig                           0x08001551   Thumb Code    74  stm32f10x_usart.o(i.USART_ITConfig)
    USART_Init                               0x0800159d   Thumb Code   210  stm32f10x_usart.o(i.USART_Init)
    USART_ReceiveData                        0x08001675   Thumb Code    10  stm32f10x_usart.o(i.USART_ReceiveData)
    USART_SendData                           0x0800167f   Thumb Code     8  stm32f10x_usart.o(i.USART_SendData)
    Uart2Send                                0x08001689   Thumb Code    56  jy61p.o(i.Uart2Send)
    UsageFault_Handler                       0x080016c5   Thumb Code     4  stm32f10x_it.o(i.UsageFault_Handler)
    Usart2Init                               0x080016c9   Thumb Code   156  jy61p.o(i.Usart2Init)
    WitInit                                  0x0800176d   Thumb Code    30  wit_c_sdk.o(i.WitInit)
    WitReadReg                               0x08001799   Thumb Code   436  wit_c_sdk.o(i.WitReadReg)
    WitRegisterCallBack                      0x08001971   Thumb Code    18  wit_c_sdk.o(i.WitRegisterCallBack)
    WitSerialDataIn                          0x08001989   Thumb Code   466  wit_c_sdk.o(i.WitSerialDataIn)
    WitSerialWriteRegister                   0x08001b75   Thumb Code    18  wit_c_sdk.o(i.WitSerialWriteRegister)
    gray_init                                0x08001be1   Thumb Code    40  gray_line.o(i.gray_init)
    line_follower_init                       0x08001c0d   Thumb Code    56  line_follower.o(i.line_follower_init)
    main                                     0x08001c65   Thumb Code   424  main.o(i.main)
    pid_init                                 0x08001e29   Thumb Code    50  pid.o(i.pid_init)
    test_motor_left                          0x08001e5d   Thumb Code    14  pwm.o(i.test_motor_left)
    test_motor_right                         0x08001e71   Thumb Code    14  pwm.o(i.test_motor_right)
    uart4_init                               0x08001e85   Thumb Code   158  open_mv.o(i.uart4_init)
    __aeabi_d2uiz                            0x08001f2d   Thumb Code     0  dfixu.o(x$fpl$dfixu)
    _dfixu                                   0x08001f2d   Thumb Code    90  dfixu.o(x$fpl$dfixu)
    __aeabi_ui2d                             0x08001f87   Thumb Code     0  dflt_clz.o(x$fpl$dfltu)
    _dfltu                                   0x08001f87   Thumb Code    38  dflt_clz.o(x$fpl$dfltu)
    __aeabi_dmul                             0x08001fad   Thumb Code     0  dmul.o(x$fpl$dmul)
    _dmul                                    0x08001fad   Thumb Code   332  dmul.o(x$fpl$dmul)
    __fpl_dnaninf                            0x08002101   Thumb Code   156  dnaninf.o(x$fpl$dnaninf)
    __fpl_dretinf                            0x0800219d   Thumb Code    12  dretinf.o(x$fpl$dretinf)
    __aeabi_fadd                             0x080021a9   Thumb Code     0  faddsub_clz.o(x$fpl$fadd)
    _fadd                                    0x080021a9   Thumb Code   196  faddsub_clz.o(x$fpl$fadd)
    __fpl_fcmp_Inf                           0x0800226d   Thumb Code    24  fcmpi.o(x$fpl$fcmpinf)
    __aeabi_fdiv                             0x08002285   Thumb Code     0  fdiv.o(x$fpl$fdiv)
    _fdiv                                    0x08002285   Thumb Code   384  fdiv.o(x$fpl$fdiv)
    __aeabi_f2uiz                            0x08002409   Thumb Code     0  ffixu.o(x$fpl$ffixu)
    _ffixu                                   0x08002409   Thumb Code    62  ffixu.o(x$fpl$ffixu)
    __aeabi_i2f                              0x08002449   Thumb Code     0  fflt_clz.o(x$fpl$fflt)
    _fflt                                    0x08002449   Thumb Code    48  fflt_clz.o(x$fpl$fflt)
    __aeabi_cfcmple                          0x08002479   Thumb Code     0  fleqf.o(x$fpl$fleqf)
    _fcmple                                  0x08002479   Thumb Code   104  fleqf.o(x$fpl$fleqf)
    __fpl_fcmple_InfNaN                      0x080024cb   Thumb Code     0  fleqf.o(x$fpl$fleqf)
    __aeabi_fmul                             0x080024e1   Thumb Code     0  fmul.o(x$fpl$fmul)
    _fmul                                    0x080024e1   Thumb Code   258  fmul.o(x$fpl$fmul)
    __fpl_fnaninf                            0x080025e3   Thumb Code   140  fnaninf.o(x$fpl$fnaninf)
    __fpl_fretinf                            0x0800266f   Thumb Code    10  fretinf.o(x$fpl$fretinf)
    __aeabi_cfrcmple                         0x08002679   Thumb Code     0  frleqf.o(x$fpl$frleqf)
    _frcmple                                 0x08002679   Thumb Code    98  frleqf.o(x$fpl$frleqf)
    __aeabi_fsub                             0x080026dd   Thumb Code     0  faddsub_clz.o(x$fpl$fsub)
    _fsub                                    0x080026dd   Thumb Code   234  faddsub_clz.o(x$fpl$fsub)
    __I$use$fp                               0x080027c6   Number         0  usenofp.o(x$fpl$usenofp)
    c_uiBaud                                 0x080027c8   Data          40  main.o(.constdata)
    Region$$Table$$Base                      0x080029f0   Number         0  anon$$obj.o(Region$$Table)
    Region$$Table$$Limit                     0x08002a10   Number         0  anon$$obj.o(Region$$Table)
    line_kp                                  0x20000014   Data           4  pid.o(.data)
    line_ki                                  0x20000018   Data           4  pid.o(.data)
    line_kd                                  0x2000001c   Data           4  pid.o(.data)
    speed_kp                                 0x20000020   Data           4  pid.o(.data)
    speed_ki                                 0x20000024   Data           4  pid.o(.data)
    speed_kd                                 0x20000028   Data           4  pid.o(.data)
    trace_num                                0x2000002c   Data           1  open_mv.o(.data)
    trace_tail                               0x2000002d   Data           1  open_mv.o(.data)
    turn                                     0x2000002e   Data           1  open_mv.o(.data)
    trace_array                              0x2000002f   Data           5  open_mv.o(.data)
    flag_start                               0x20000034   Data           1  open_mv.o(.data)
    turn_flag                                0x20000035   Data           1  open_mv.o(.data)
    rxIndex                                  0x20000036   Data           1  open_mv.o(.data)
    receiving                                0x20000037   Data           1  open_mv.o(.data)
    openmv_trace                             0x20000038   Data           1  open_mv.o(.data)
    openmv_turn                              0x20000039   Data           1  open_mv.o(.data)
    RxData0                                  0x20000040   Data           2  main.o(.data)
    RxData1                                  0x20000042   Data           2  main.o(.data)
    RxData2                                  0x20000044   Data           2  main.o(.data)
    angle_diff                               0x20000048   Data           4  main.o(.data)
    i                                        0x2000004c   Data           4  main.o(.data)
    count                                    0x20000050   Data           4  main.o(.data)
    system_tick                              0x20000054   Data           4  main.o(.data)
    turn_start_angle                         0x20000058   Data           4  main.o(.data)
    turning                                  0x2000005c   Data           1  main.o(.data)
    flag                                     0x2000005e   Data           2  main.o(.data)
    flag_1                                   0x20000060   Data           2  main.o(.data)
    speed_normal                             0x20000062   Data           2  main.o(.data)
    speed_behind                             0x20000064   Data           2  main.o(.data)
    speed_go                                 0x20000066   Data           2  main.o(.data)
    speed_afterturn                          0x20000068   Data           2  main.o(.data)
    KeyNum                                   0x2000006a   Data           1  main.o(.data)
    Speed                                    0x2000006c   Data           2  main.o(.data)
    Num                                      0x2000006e   Data           2  main.o(.data)
    key                                      0x20000070   Data           2  main.o(.data)
    left_k                                   0x20000072   Data           2  main.o(.data)
    key_num                                  0x20000074   Data           2  main.o(.data)
    speed                                    0x20000076   Data           2  main.o(.data)
    line_pid                                 0x200000a4   Data          52  pid.o(.bss)
    speed_pid                                0x200000d8   Data          52  pid.o(.bss)
    data                                     0x2000010c   Data          50  open_mv.o(.bss)
    rxBuffer                                 0x2000013e   Data          10  open_mv.o(.bss)
    sReg                                     0x20000248   Data         288  wit_c_sdk.o(.bss)
    __libspace_start                         0x20000368   Data          96  libspace.o(.bss)
    __temporary_stack_top$libspace           0x200003c8   Data           0  libspace.o(.bss)



==============================================================================

Memory Map of the image

  Image Entry point : 0x080000ed

  Load Region LR_IROM1 (Base: 0x08000000, Size: 0x00002ab4, Max: 0x00080000, ABSOLUTE)

    Execution Region ER_IROM1 (Exec base: 0x08000000, Load base: 0x08000000, Size: 0x00002a10, Max: 0x00080000, ABSOLUTE)

    Exec Addr    Load Addr    Size         Type   Attr      Idx    E Section Name        Object

    0x08000000   0x08000000   0x000000ec   Data   RO            3    RESET               startup_stm32f10x_md.o
    0x080000ec   0x080000ec   0x00000008   Code   RO         4426  * !!!main             c_w.l(__main.o)
    0x080000f4   0x080000f4   0x00000034   Code   RO         4956    !!!scatter          c_w.l(__scatter.o)
    0x08000128   0x08000128   0x0000001a   Code   RO         4958    !!handler_copy      c_w.l(__scatter_copy.o)
    0x08000142   0x08000142   0x00000002   PAD
    0x08000144   0x08000144   0x0000001c   Code   RO         4960    !!handler_zi        c_w.l(__scatter_zi.o)
    0x08000160   0x08000160   0x00000002   Code   RO         4736    .ARM.Collect$$libinit$$00000000  c_w.l(libinit.o)
    0x08000162   0x08000162   0x00000000   Code   RO         4738    .ARM.Collect$$libinit$$00000002  c_w.l(libinit2.o)
    0x08000162   0x08000162   0x00000000   Code   RO         4740    .ARM.Collect$$libinit$$00000004  c_w.l(libinit2.o)
    0x08000162   0x08000162   0x00000000   Code   RO         4743    .ARM.Collect$$libinit$$0000000A  c_w.l(libinit2.o)
    0x08000162   0x08000162   0x00000000   Code   RO         4745    .ARM.Collect$$libinit$$0000000C  c_w.l(libinit2.o)
    0x08000162   0x08000162   0x00000000   Code   RO         4747    .ARM.Collect$$libinit$$0000000E  c_w.l(libinit2.o)
    0x08000162   0x08000162   0x00000000   Code   RO         4750    .ARM.Collect$$libinit$$00000011  c_w.l(libinit2.o)
    0x08000162   0x08000162   0x00000000   Code   RO         4752    .ARM.Collect$$libinit$$00000013  c_w.l(libinit2.o)
    0x08000162   0x08000162   0x00000000   Code   RO         4754    .ARM.Collect$$libinit$$00000015  c_w.l(libinit2.o)
    0x08000162   0x08000162   0x00000000   Code   RO         4756    .ARM.Collect$$libinit$$00000017  c_w.l(libinit2.o)
    0x08000162   0x08000162   0x00000000   Code   RO         4758    .ARM.Collect$$libinit$$00000019  c_w.l(libinit2.o)
    0x08000162   0x08000162   0x00000000   Code   RO         4760    .ARM.Collect$$libinit$$0000001B  c_w.l(libinit2.o)
    0x08000162   0x08000162   0x00000000   Code   RO         4762    .ARM.Collect$$libinit$$0000001D  c_w.l(libinit2.o)
    0x08000162   0x08000162   0x00000000   Code   RO         4764    .ARM.Collect$$libinit$$0000001F  c_w.l(libinit2.o)
    0x08000162   0x08000162   0x00000000   Code   RO         4766    .ARM.Collect$$libinit$$00000021  c_w.l(libinit2.o)
    0x08000162   0x08000162   0x00000000   Code   RO         4768    .ARM.Collect$$libinit$$00000023  c_w.l(libinit2.o)
    0x08000162   0x08000162   0x00000000   Code   RO         4770    .ARM.Collect$$libinit$$00000025  c_w.l(libinit2.o)
    0x08000162   0x08000162   0x00000000   Code   RO         4774    .ARM.Collect$$libinit$$0000002C  c_w.l(libinit2.o)
    0x08000162   0x08000162   0x00000000   Code   RO         4776    .ARM.Collect$$libinit$$0000002E  c_w.l(libinit2.o)
    0x08000162   0x08000162   0x00000000   Code   RO         4778    .ARM.Collect$$libinit$$00000030  c_w.l(libinit2.o)
    0x08000162   0x08000162   0x00000000   Code   RO         4780    .ARM.Collect$$libinit$$00000032  c_w.l(libinit2.o)
    0x08000162   0x08000162   0x00000002   Code   RO         4781    .ARM.Collect$$libinit$$00000033  c_w.l(libinit2.o)
    0x08000164   0x08000164   0x00000002   Code   RO         4935    .ARM.Collect$$libshutdown$$00000000  c_w.l(libshutdown.o)
    0x08000166   0x08000166   0x00000000   Code   RO         4783    .ARM.Collect$$libshutdown$$00000002  c_w.l(libshutdown2.o)
    0x08000166   0x08000166   0x00000000   Code   RO         4785    .ARM.Collect$$libshutdown$$00000004  c_w.l(libshutdown2.o)
    0x08000166   0x08000166   0x00000000   Code   RO         4787    .ARM.Collect$$libshutdown$$00000006  c_w.l(libshutdown2.o)
    0x08000166   0x08000166   0x00000000   Code   RO         4790    .ARM.Collect$$libshutdown$$00000009  c_w.l(libshutdown2.o)
    0x08000166   0x08000166   0x00000000   Code   RO         4793    .ARM.Collect$$libshutdown$$0000000C  c_w.l(libshutdown2.o)
    0x08000166   0x08000166   0x00000000   Code   RO         4795    .ARM.Collect$$libshutdown$$0000000E  c_w.l(libshutdown2.o)
    0x08000166   0x08000166   0x00000000   Code   RO         4798    .ARM.Collect$$libshutdown$$00000011  c_w.l(libshutdown2.o)
    0x08000166   0x08000166   0x00000002   Code   RO         4799    .ARM.Collect$$libshutdown$$00000012  c_w.l(libshutdown2.o)
    0x08000168   0x08000168   0x00000000   Code   RO         4466    .ARM.Collect$$rtentry$$00000000  c_w.l(__rtentry.o)
    0x08000168   0x08000168   0x00000000   Code   RO         4567    .ARM.Collect$$rtentry$$00000002  c_w.l(__rtentry2.o)
    0x08000168   0x08000168   0x00000006   Code   RO         4579    .ARM.Collect$$rtentry$$00000004  c_w.l(__rtentry4.o)
    0x0800016e   0x0800016e   0x00000000   Code   RO         4569    .ARM.Collect$$rtentry$$00000009  c_w.l(__rtentry2.o)
    0x0800016e   0x0800016e   0x00000004   Code   RO         4570    .ARM.Collect$$rtentry$$0000000A  c_w.l(__rtentry2.o)
    0x08000172   0x08000172   0x00000000   Code   RO         4572    .ARM.Collect$$rtentry$$0000000C  c_w.l(__rtentry2.o)
    0x08000172   0x08000172   0x00000008   Code   RO         4573    .ARM.Collect$$rtentry$$0000000D  c_w.l(__rtentry2.o)
    0x0800017a   0x0800017a   0x00000002   Code   RO         4812    .ARM.Collect$$rtexit$$00000000  c_w.l(rtexit.o)
    0x0800017c   0x0800017c   0x00000000   Code   RO         4873    .ARM.Collect$$rtexit$$00000002  c_w.l(rtexit2.o)
    0x0800017c   0x0800017c   0x00000004   Code   RO         4874    .ARM.Collect$$rtexit$$00000003  c_w.l(rtexit2.o)
    0x08000180   0x08000180   0x00000006   Code   RO         4875    .ARM.Collect$$rtexit$$00000004  c_w.l(rtexit2.o)
    0x08000186   0x08000186   0x00000002   PAD
    0x08000188   0x08000188   0x00000040   Code   RO            4    .text               startup_stm32f10x_md.o
    0x080001c8   0x080001c8   0x0000008a   Code   RO         4420    .text               c_w.l(rt_memcpy_v6.o)
    0x08000252   0x08000252   0x00000006   Code   RO         4424    .text               c_w.l(heapauxi.o)
    0x08000258   0x08000258   0x00000064   Code   RO         4543    .text               c_w.l(rt_memcpy_w.o)
    0x080002bc   0x080002bc   0x0000004a   Code   RO         4617    .text               c_w.l(sys_stackheap_outer.o)
    0x08000306   0x08000306   0x00000012   Code   RO         4725    .text               c_w.l(exit.o)
    0x08000318   0x08000318   0x00000008   Code   RO         4806    .text               c_w.l(libspace.o)
    0x08000320   0x08000320   0x00000002   Code   RO         4809    .text               c_w.l(use_no_semi.o)
    0x08000322   0x08000322   0x00000000   Code   RO         4811    .text               c_w.l(indicate_semi.o)
    0x08000322   0x08000322   0x00000002   PAD
    0x08000324   0x08000324   0x0000000c   Code   RO         4870    .text               c_w.l(sys_exit.o)
    0x08000330   0x08000330   0x00000048   Code   RO         4046    i.AutoScanSensor    main.o
    0x08000378   0x08000378   0x00000004   Code   RO         4147    i.BusFault_Handler  stm32f10x_it.o
    0x0800037c   0x0800037c   0x000000f0   Code   RO         4211    i.CopeWitData       wit_c_sdk.o
    0x0800046c   0x0800046c   0x00000002   Code   RO         4148    i.DebugMon_Handler  stm32f10x_it.o
    0x0800046e   0x0800046e   0x00000018   Code   RO         3196    i.Delay_ms          delay.o
    0x08000486   0x08000486   0x00000018   Code   RO         3197    i.Delay_s           delay.o
    0x0800049e   0x0800049e   0x0000002e   Code   RO         3198    i.Delay_us          delay.o
    0x080004cc   0x080004cc   0x00000116   Code   RO         1347    i.GPIO_Init         stm32f10x_gpio.o
    0x080005e2   0x080005e2   0x00000012   Code   RO         1351    i.GPIO_ReadInputDataBit  stm32f10x_gpio.o
    0x080005f4   0x080005f4   0x00000004   Code   RO         1354    i.GPIO_ResetBits    stm32f10x_gpio.o
    0x080005f8   0x080005f8   0x00000004   Code   RO         1355    i.GPIO_SetBits      stm32f10x_gpio.o
    0x080005fc   0x080005fc   0x0000000a   Code   RO         1358    i.GPIO_WriteBit     stm32f10x_gpio.o
    0x08000606   0x08000606   0x00000004   Code   RO         4149    i.HardFault_Handler  stm32f10x_it.o
    0x0800060a   0x0800060a   0x00000002   PAD
    0x0800060c   0x0800060c   0x00000034   Code   RO         3268    i.Key_GetNum        key.o
    0x08000640   0x08000640   0x0000002c   Code   RO         3269    i.Key_Init          key.o
    0x0800066c   0x0800066c   0x00000004   Code   RO         4150    i.MemManage_Handler  stm32f10x_it.o
    0x08000670   0x08000670   0x00000058   Code   RO         3528    i.Motor_Init        motor.o
    0x080006c8   0x080006c8   0x00000214   Code   RO         3529    i.Motor_MECNAMU_SetSpeed  motor.o
    0x080008dc   0x080008dc   0x00000002   Code   RO         4151    i.NMI_Handler       stm32f10x_it.o
    0x080008de   0x080008de   0x00000002   PAD
    0x080008e0   0x080008e0   0x00000070   Code   RO          137    i.NVIC_Init         misc.o
    0x08000950   0x08000950   0x00000014   Code   RO          138    i.NVIC_PriorityGroupConfig  misc.o
    0x08000964   0x08000964   0x0000002a   Code   RO         3372    i.OLED_Clear        oled.o
    0x0800098e   0x0800098e   0x00000002   PAD
    0x08000990   0x08000990   0x00000050   Code   RO         3373    i.OLED_I2C_Init     oled.o
    0x080009e0   0x080009e0   0x00000054   Code   RO         3374    i.OLED_I2C_SendByte  oled.o
    0x08000a34   0x08000a34   0x00000034   Code   RO         3375    i.OLED_I2C_Start    oled.o
    0x08000a68   0x08000a68   0x00000028   Code   RO         3376    i.OLED_I2C_Stop     oled.o
    0x08000a90   0x08000a90   0x000000ae   Code   RO         3377    i.OLED_Init         oled.o
    0x08000b3e   0x08000b3e   0x00000022   Code   RO         3379    i.OLED_SetCursor    oled.o
    0x08000b60   0x08000b60   0x00000020   Code   RO         3386    i.OLED_WriteCommand  oled.o
    0x08000b80   0x08000b80   0x00000020   Code   RO         3387    i.OLED_WriteData    oled.o
    0x08000ba0   0x08000ba0   0x000000e4   Code   RO         3480    i.PWM_Init          pwm.o
    0x08000c84   0x08000c84   0x00000014   Code   RO         3482    i.PWM_SetCompare3   pwm.o
    0x08000c98   0x08000c98   0x00000014   Code   RO         3483    i.PWM_SetCompare4   pwm.o
    0x08000cac   0x08000cac   0x00000002   Code   RO         4152    i.PendSV_Handler    stm32f10x_it.o
    0x08000cae   0x08000cae   0x00000002   PAD
    0x08000cb0   0x08000cb0   0x00000020   Code   RO         1775    i.RCC_APB1PeriphClockCmd  stm32f10x_rcc.o
    0x08000cd0   0x08000cd0   0x00000020   Code   RO         1777    i.RCC_APB2PeriphClockCmd  stm32f10x_rcc.o
    0x08000cf0   0x08000cf0   0x000000d4   Code   RO         1785    i.RCC_GetClocksFreq  stm32f10x_rcc.o
    0x08000dc4   0x08000dc4   0x00000002   Code   RO         4153    i.SVC_Handler       stm32f10x_it.o
    0x08000dc6   0x08000dc6   0x00000002   PAD
    0x08000dc8   0x08000dc8   0x00000070   Code   RO         4048    i.SensorDataUpdata  main.o
    0x08000e38   0x08000e38   0x00000010   Code   RO         4049    i.SensorUartSend    main.o
    0x08000e48   0x08000e48   0x00000008   Code   RO           24    i.SetSysClock       system_stm32f10x.o
    0x08000e50   0x08000e50   0x000000e0   Code   RO           25    i.SetSysClockTo72   system_stm32f10x.o
    0x08000f30   0x08000f30   0x00000002   Code   RO         4154    i.SysTick_Handler   stm32f10x_it.o
    0x08000f32   0x08000f32   0x00000002   PAD
    0x08000f34   0x08000f34   0x00000060   Code   RO           27    i.SystemInit        system_stm32f10x.o
    0x08000f94   0x08000f94   0x00000002   Code   RO         4051    i.TIM4_IRQHandler   main.o
    0x08000f96   0x08000f96   0x00000006   Code   RO         2415    i.TIM_ClearFlag     stm32f10x_tim.o
    0x08000f9c   0x08000f9c   0x00000018   Code   RO         2421    i.TIM_Cmd           stm32f10x_tim.o
    0x08000fb4   0x08000fb4   0x0000001e   Code   RO         2423    i.TIM_CtrlPWMOutputs  stm32f10x_tim.o
    0x08000fd2   0x08000fd2   0x00000012   Code   RO         2446    i.TIM_ITConfig      stm32f10x_tim.o
    0x08000fe4   0x08000fe4   0x0000000c   Code   RO         2448    i.TIM_InternalClockConfig  stm32f10x_tim.o
    0x08000ff0   0x08000ff0   0x000000a4   Code   RO         2455    i.TIM_OC2Init       stm32f10x_tim.o
    0x08001094   0x08001094   0x000000a0   Code   RO         2460    i.TIM_OC3Init       stm32f10x_tim.o
    0x08001134   0x08001134   0x0000007c   Code   RO         2465    i.TIM_OC4Init       stm32f10x_tim.o
    0x080011b0   0x080011b0   0x00000004   Code   RO         2483    i.TIM_SetCompare2   stm32f10x_tim.o
    0x080011b4   0x080011b4   0x00000004   Code   RO         2484    i.TIM_SetCompare3   stm32f10x_tim.o
    0x080011b8   0x080011b8   0x00000006   Code   RO         2485    i.TIM_SetCompare4   stm32f10x_tim.o
    0x080011be   0x080011be   0x00000002   PAD
    0x080011c0   0x080011c0   0x000000a4   Code   RO         2492    i.TIM_TimeBaseInit  stm32f10x_tim.o
    0x08001264   0x08001264   0x00000084   Code   RO         3918    i.Timer_Init        timer.o
    0x080012e8   0x080012e8   0x00000020   Code   RO         3938    i.USART1_IRQHandler  open_mv.o
    0x08001308   0x08001308   0x00000038   Code   RO         3647    i.USART2_IRQHandler  jy61p.o
    0x08001340   0x08001340   0x000000c4   Code   RO         3939    i.USART3_IRQHandler  open_mv.o
    0x08001404   0x08001404   0x000000a8   Code   RO         3940    i.USART3_openmv_Init  open_mv.o
    0x080014ac   0x080014ac   0x0000001e   Code   RO         2957    i.USART_ClearITPendingBit  stm32f10x_usart.o
    0x080014ca   0x080014ca   0x00000018   Code   RO         2960    i.USART_Cmd         stm32f10x_usart.o
    0x080014e2   0x080014e2   0x0000001a   Code   RO         2963    i.USART_GetFlagStatus  stm32f10x_usart.o
    0x080014fc   0x080014fc   0x00000054   Code   RO         2964    i.USART_GetITStatus  stm32f10x_usart.o
    0x08001550   0x08001550   0x0000004a   Code   RO         2966    i.USART_ITConfig    stm32f10x_usart.o
    0x0800159a   0x0800159a   0x00000002   PAD
    0x0800159c   0x0800159c   0x000000d8   Code   RO         2967    i.USART_Init        stm32f10x_usart.o
    0x08001674   0x08001674   0x0000000a   Code   RO         2974    i.USART_ReceiveData  stm32f10x_usart.o
    0x0800167e   0x0800167e   0x00000008   Code   RO         2977    i.USART_SendData    stm32f10x_usart.o
    0x08001686   0x08001686   0x00000002   PAD
    0x08001688   0x08001688   0x0000003c   Code   RO         3648    i.Uart2Send         jy61p.o
    0x080016c4   0x080016c4   0x00000004   Code   RO         4155    i.UsageFault_Handler  stm32f10x_it.o
    0x080016c8   0x080016c8   0x000000a4   Code   RO         3649    i.Usart2Init        jy61p.o
    0x0800176c   0x0800176c   0x0000002c   Code   RO         4218    i.WitInit           wit_c_sdk.o
    0x08001798   0x08001798   0x000001d8   Code   RO         4219    i.WitReadReg        wit_c_sdk.o
    0x08001970   0x08001970   0x00000018   Code   RO         4220    i.WitRegisterCallBack  wit_c_sdk.o
    0x08001988   0x08001988   0x000001ec   Code   RO         4222    i.WitSerialDataIn   wit_c_sdk.o
    0x08001b74   0x08001b74   0x00000018   Code   RO         4223    i.WitSerialWriteRegister  wit_c_sdk.o
    0x08001b8c   0x08001b8c   0x00000038   Code   RO         4235    i.__CRC16           wit_c_sdk.o
    0x08001bc4   0x08001bc4   0x0000001a   Code   RO         4236    i.__CaliSum         wit_c_sdk.o
    0x08001bde   0x08001bde   0x00000002   PAD
    0x08001be0   0x08001be0   0x0000002c   Code   RO         3694    i.gray_init         gray_line.o
    0x08001c0c   0x08001c0c   0x00000058   Code   RO         3871    i.line_follower_init  line_follower.o
    0x08001c64   0x08001c64   0x000001c4   Code   RO         4052    i.main              main.o
    0x08001e28   0x08001e28   0x00000032   Code   RO         3828    i.pid_init          pid.o
    0x08001e5a   0x08001e5a   0x00000002   PAD
    0x08001e5c   0x08001e5c   0x00000014   Code   RO         3485    i.test_motor_left   pwm.o
    0x08001e70   0x08001e70   0x00000014   Code   RO         3486    i.test_motor_right  pwm.o
    0x08001e84   0x08001e84   0x000000a8   Code   RO         3944    i.uart4_init        open_mv.o
    0x08001f2c   0x08001f2c   0x0000005a   Code   RO         4428    x$fpl$dfixu         fz_ws.l(dfixu.o)
    0x08001f86   0x08001f86   0x00000026   Code   RO         4432    x$fpl$dfltu         fz_ws.l(dflt_clz.o)
    0x08001fac   0x08001fac   0x00000154   Code   RO         4438    x$fpl$dmul          fz_ws.l(dmul.o)
    0x08002100   0x08002100   0x0000009c   Code   RO         4547    x$fpl$dnaninf       fz_ws.l(dnaninf.o)
    0x0800219c   0x0800219c   0x0000000c   Code   RO         4549    x$fpl$dretinf       fz_ws.l(dretinf.o)
    0x080021a8   0x080021a8   0x000000c4   Code   RO         4440    x$fpl$fadd          fz_ws.l(faddsub_clz.o)
    0x0800226c   0x0800226c   0x00000018   Code   RO         4551    x$fpl$fcmpinf       fz_ws.l(fcmpi.o)
    0x08002284   0x08002284   0x00000184   Code   RO         4447    x$fpl$fdiv          fz_ws.l(fdiv.o)
    0x08002408   0x08002408   0x0000003e   Code   RO         4450    x$fpl$ffixu         fz_ws.l(ffixu.o)
    0x08002446   0x08002446   0x00000002   PAD
    0x08002448   0x08002448   0x00000030   Code   RO         4455    x$fpl$fflt          fz_ws.l(fflt_clz.o)
    0x08002478   0x08002478   0x00000068   Code   RO         4460    x$fpl$fleqf         fz_ws.l(fleqf.o)
    0x080024e0   0x080024e0   0x00000102   Code   RO         4462    x$fpl$fmul          fz_ws.l(fmul.o)
    0x080025e2   0x080025e2   0x0000008c   Code   RO         4553    x$fpl$fnaninf       fz_ws.l(fnaninf.o)
    0x0800266e   0x0800266e   0x0000000a   Code   RO         4555    x$fpl$fretinf       fz_ws.l(fretinf.o)
    0x08002678   0x08002678   0x00000062   Code   RO         4464    x$fpl$frleqf        fz_ws.l(frleqf.o)
    0x080026da   0x080026da   0x00000002   PAD
    0x080026dc   0x080026dc   0x000000ea   Code   RO         4442    x$fpl$fsub          fz_ws.l(faddsub_clz.o)
    0x080027c6   0x080027c6   0x00000000   Code   RO         4565    x$fpl$usenofp       fz_ws.l(usenofp.o)
    0x080027c6   0x080027c6   0x00000002   PAD
    0x080027c8   0x080027c8   0x00000028   Data   RO         4054    .constdata          main.o
    0x080027f0   0x080027f0   0x00000200   Data   RO         4238    .constdata          wit_c_sdk.o
    0x080029f0   0x080029f0   0x00000020   Data   RO         4954    Region$$Table       anon$$obj.o


    Execution Region RW_IRAM1 (Exec base: 0x20000000, Load base: 0x08002a10, Size: 0x000009c8, Max: 0x00010000, ABSOLUTE)

    Exec Addr    Load Addr    Size         Type   Attr      Idx    E Section Name        Object

    0x20000000   0x08002a10   0x00000014   Data   RW         1805    .data               stm32f10x_rcc.o
    0x20000014   0x08002a24   0x00000018   Data   RW         3832    .data               pid.o
    0x2000002c   0x08002a3c   0x00000014   Data   RW         3947    .data               open_mv.o
    0x20000040   0x08002a50   0x00000039   Data   RW         4055    .data               main.o
    0x20000079   0x08002a89   0x00000003   PAD
    0x2000007c   0x08002a8c   0x00000028   Data   RW         4239    .data               wit_c_sdk.o
    0x200000a4        -       0x00000068   Zero   RW         3831    .bss                pid.o
    0x2000010c        -       0x0000003c   Zero   RW         3946    .bss                open_mv.o
    0x20000148        -       0x00000220   Zero   RW         4237    .bss                wit_c_sdk.o
    0x20000368        -       0x00000060   Zero   RW         4807    .bss                c_w.l(libspace.o)
    0x200003c8        -       0x00000200   Zero   RW            2    HEAP                startup_stm32f10x_md.o
    0x200005c8        -       0x00000400   Zero   RW            1    STACK               startup_stm32f10x_md.o


==============================================================================

Image component sizes


      Code (inc. data)   RO Data    RW Data    ZI Data      Debug   Object Name

         0          0          0          0          0       4500   core_cm3.o
        94          0          0          0          0       1588   delay.o
        44          4          0          0          0        560   gray_line.o
       280         18          0          0          0       1985   jy61p.o
        96         12          0          0          0       9516   key.o
        88         32          0          0          0        549   line_follower.o
       654         42         40         57          0       4589   main.o
       132         22          0          0          0     206467   misc.o
       620         34          0          0          0       9618   motor.o
       570         16          0          0          0       5120   oled.o
       564         50          0         20         60       3864   open_mv.o
        50          0          0         24        104       2199   pid.o
       308         40          0          0          0       2920   pwm.o
        64         26        236          0       1536        852   startup_stm32f10x_md.o
         0          0          0          0          0       1720   stm32f10x_adc.o
       314          0          0          0          0      12780   stm32f10x_gpio.o
        26          0          0          0          0       4314   stm32f10x_it.o
       276         32          0         20          0      13358   stm32f10x_rcc.o
       716         72          0          0          0      28379   stm32f10x_tim.o
       472          6          0          0          0      13111   stm32f10x_usart.o
       328         28          0          0          0      45725   system_stm32f10x.o
       132          8          0          0          0        717   timer.o
      1378        142        512         40        544       8339   wit_c_sdk.o

    ----------------------------------------------------------------------
      7228        584        820        164       2244     382770   Object Totals
         0          0         32          0          0          0   (incl. Generated)
        22          0          0          3          0          0   (incl. Padding)

    ----------------------------------------------------------------------

      Code (inc. data)   RO Data    RW Data    ZI Data      Debug   Library Member Name

         8          0          0          0          0         68   __main.o
         0          0          0          0          0          0   __rtentry.o
        12          0          0          0          0          0   __rtentry2.o
         6          0          0          0          0          0   __rtentry4.o
        52          8          0          0          0          0   __scatter.o
        26          0          0          0          0          0   __scatter_copy.o
        28          0          0          0          0          0   __scatter_zi.o
        18          0          0          0          0         80   exit.o
         6          0          0          0          0        152   heapauxi.o
         0          0          0          0          0          0   indicate_semi.o
         2          0          0          0          0          0   libinit.o
         2          0          0          0          0          0   libinit2.o
         2          0          0          0          0          0   libshutdown.o
         2          0          0          0          0          0   libshutdown2.o
         8          4          0          0         96         68   libspace.o
       138          0          0          0          0         68   rt_memcpy_v6.o
       100          0          0          0          0         80   rt_memcpy_w.o
         2          0          0          0          0          0   rtexit.o
        10          0          0          0          0          0   rtexit2.o
        12          4          0          0          0         68   sys_exit.o
        74          0          0          0          0         80   sys_stackheap_outer.o
         2          0          0          0          0         68   use_no_semi.o
        90          4          0          0          0         92   dfixu.o
        38          0          0          0          0         68   dflt_clz.o
       340         12          0          0          0        104   dmul.o
       156          4          0          0          0         92   dnaninf.o
        12          0          0          0          0         68   dretinf.o
       430          8          0          0          0        168   faddsub_clz.o
        24          0          0          0          0         68   fcmpi.o
       388         76          0          0          0         96   fdiv.o
        62          4          0          0          0         84   ffixu.o
        48          0          0          0          0         68   fflt_clz.o
       104          4          0          0          0         84   fleqf.o
       258          4          0          0          0         84   fmul.o
       140          4          0          0          0         84   fnaninf.o
        10          0          0          0          0         68   fretinf.o
        98          0          0          0          0         68   frleqf.o
         0          0          0          0          0          0   usenofp.o

    ----------------------------------------------------------------------
      2720        136          0          0         96       2028   Library Totals
        12          0          0          0          0          0   (incl. Padding)

    ----------------------------------------------------------------------

      Code (inc. data)   RO Data    RW Data    ZI Data      Debug   Library Name

       510         16          0          0         96        732   c_w.l
      2198        120          0          0          0       1296   fz_ws.l

    ----------------------------------------------------------------------
      2720        136          0          0         96       2028   Library Totals

    ----------------------------------------------------------------------

==============================================================================


      Code (inc. data)   RO Data    RW Data    ZI Data      Debug   

      9948        720        820        164       2340     379386   Grand Totals
      9948        720        820        164       2340     379386   ELF Image Totals
      9948        720        820        164          0          0   ROM Totals

==============================================================================

    Total RO  Size (Code + RO Data)                10768 (  10.52kB)
    Total RW  Size (RW Data + ZI Data)              2504 (   2.45kB)
    Total ROM Size (Code + RO Data + RW Data)      10932 (  10.68kB)

==============================================================================

